<?xml version="1.0"?>
<link_info>
   <banner>TMS320C55x Linker PC v4.4.1</banner>
   <copyright>Copyright (c) 1996-2012 Texas Instruments Incorporated</copyright>
   <link_time>0x58ec161f</link_time>
   <output_file>audio_line_in_loopback_test.out</output_file>
   <entry_point>
      <name>_c_int00</name>
      <address>0x1a387</address>
   </entry_point>
   <input_file_list>
      <input_file id="fl-2">
         <path>.\</path>
         <kind>object</kind>
         <file>audio_line_in_loopback_test.obj</file>
         <name>audio_line_in_loopback_test.obj</name>
      </input_file>
      <input_file id="fl-3">
         <path>.\</path>
         <kind>object</kind>
         <file>main.obj</file>
         <name>main.obj</name>
      </input_file>
      <input_file id="fl-4">
         <path>.\audio_common\</path>
         <kind>object</kind>
         <file>audio_common.obj</file>
         <name>audio_common.obj</name>
      </input_file>
      <input_file id="fl-5">
         <path>.\common\</path>
         <kind>object</kind>
         <file>platform.obj</file>
         <name>platform.obj</name>
      </input_file>
      <input_file id="fl-6">
         <path>.\common\</path>
         <kind>object</kind>
         <file>system_init.obj</file>
         <name>system_init.obj</name>
      </input_file>
      <input_file id="fl-1e">
         <path>C:\ti\ccsv6\tools\compiler\c5500_4.4.1\lib\</path>
         <kind>archive</kind>
         <file>rts55h.lib</file>
         <name>boot.obj</name>
      </input_file>
      <input_file id="fl-1f">
         <path>C:\ti\ccsv6\tools\compiler\c5500_4.4.1\lib\</path>
         <kind>archive</kind>
         <file>rts55h.lib</file>
         <name>defs.obj</name>
      </input_file>
      <input_file id="fl-20">
         <path>C:\ti\ccsv6\tools\compiler\c5500_4.4.1\lib\</path>
         <kind>archive</kind>
         <file>rts55h.lib</file>
         <name>divul.obj</name>
      </input_file>
      <input_file id="fl-21">
         <path>C:\ti\ccsv6\tools\compiler\c5500_4.4.1\lib\</path>
         <kind>archive</kind>
         <file>rts55h.lib</file>
         <name>exit.obj</name>
      </input_file>
      <input_file id="fl-22">
         <path>C:\ti\ccsv6\tools\compiler\c5500_4.4.1\lib\</path>
         <kind>archive</kind>
         <file>rts55h.lib</file>
         <name>fflush.obj</name>
      </input_file>
      <input_file id="fl-23">
         <path>C:\ti\ccsv6\tools\compiler\c5500_4.4.1\lib\</path>
         <kind>archive</kind>
         <file>rts55h.lib</file>
         <name>fscanf.obj</name>
      </input_file>
      <input_file id="fl-24">
         <path>C:\ti\ccsv6\tools\compiler\c5500_4.4.1\lib\</path>
         <kind>archive</kind>
         <file>rts55h.lib</file>
         <name>lmpy.obj</name>
      </input_file>
      <input_file id="fl-25">
         <path>C:\ti\ccsv6\tools\compiler\c5500_4.4.1\lib\</path>
         <kind>archive</kind>
         <file>rts55h.lib</file>
         <name>lowlev.obj</name>
      </input_file>
      <input_file id="fl-26">
         <path>C:\ti\ccsv6\tools\compiler\c5500_4.4.1\lib\</path>
         <kind>archive</kind>
         <file>rts55h.lib</file>
         <name>printf.obj</name>
      </input_file>
      <input_file id="fl-27">
         <path>C:\ti\ccsv6\tools\compiler\c5500_4.4.1\lib\</path>
         <kind>archive</kind>
         <file>rts55h.lib</file>
         <name>strlen.obj</name>
      </input_file>
      <input_file id="fl-28">
         <path>C:\ti\ccsv6\tools\compiler\c5500_4.4.1\lib\</path>
         <kind>archive</kind>
         <file>rts55h.lib</file>
         <name>trgdrv.obj</name>
      </input_file>
      <input_file id="fl-29">
         <path>C:\ti\ccsv6\tools\compiler\c5500_4.4.1\lib\</path>
         <kind>archive</kind>
         <file>rts55h.lib</file>
         <name>trgmsg.obj</name>
      </input_file>
      <input_file id="fl-2a">
         <path>C:\ti\ccsv6\tools\compiler\c5500_4.4.1\lib\</path>
         <kind>archive</kind>
         <file>rts55h.lib</file>
         <name>ungetc.obj</name>
      </input_file>
      <input_file id="fl-2b">
         <path>C:\ti\ccsv6\tools\compiler\c5500_4.4.1\lib\</path>
         <kind>archive</kind>
         <file>rts55h.lib</file>
         <name>vectors.obj</name>
      </input_file>
      <input_file id="fl-2c">
         <path>C:\ti\ccsv6\tools\compiler\c5500_4.4.1\lib\</path>
         <kind>archive</kind>
         <file>rts55h.lib</file>
         <name>vsprintf.obj</name>
      </input_file>
      <input_file id="fl-2d">
         <path>C:\ti\ccsv6\tools\compiler\c5500_4.4.1\lib\</path>
         <kind>archive</kind>
         <file>rts55h.lib</file>
         <name>_lock.obj</name>
      </input_file>
      <input_file id="fl-2e">
         <path>C:\ti\ccsv6\tools\compiler\c5500_4.4.1\lib\</path>
         <kind>archive</kind>
         <file>rts55h.lib</file>
         <name>_printfi.obj</name>
      </input_file>
      <input_file id="fl-2f">
         <path>C:\ti\ccsv6\tools\compiler\c5500_4.4.1\lib\</path>
         <kind>archive</kind>
         <file>rts55h.lib</file>
         <name>_scanfi.obj</name>
      </input_file>
      <input_file id="fl-30">
         <path>C:\ti\ccsv6\tools\compiler\c5500_4.4.1\lib\</path>
         <kind>archive</kind>
         <file>rts55h.lib</file>
         <name>args_main.obj</name>
      </input_file>
      <input_file id="fl-31">
         <path>C:\ti\ccsv6\tools\compiler\c5500_4.4.1\lib\</path>
         <kind>archive</kind>
         <file>rts55h.lib</file>
         <name>atoi.obj</name>
      </input_file>
      <input_file id="fl-32">
         <path>C:\ti\ccsv6\tools\compiler\c5500_4.4.1\lib\</path>
         <kind>archive</kind>
         <file>rts55h.lib</file>
         <name>autoinit.obj</name>
      </input_file>
      <input_file id="fl-33">
         <path>C:\ti\ccsv6\tools\compiler\c5500_4.4.1\lib\</path>
         <kind>archive</kind>
         <file>rts55h.lib</file>
         <name>cmpd.obj</name>
      </input_file>
      <input_file id="fl-34">
         <path>C:\ti\ccsv6\tools\compiler\c5500_4.4.1\lib\</path>
         <kind>archive</kind>
         <file>rts55h.lib</file>
         <name>ctype.obj</name>
      </input_file>
      <input_file id="fl-35">
         <path>C:\ti\ccsv6\tools\compiler\c5500_4.4.1\lib\</path>
         <kind>archive</kind>
         <file>rts55h.lib</file>
         <name>divd.obj</name>
      </input_file>
      <input_file id="fl-36">
         <path>C:\ti\ccsv6\tools\compiler\c5500_4.4.1\lib\</path>
         <kind>archive</kind>
         <file>rts55h.lib</file>
         <name>fgetc.obj</name>
      </input_file>
      <input_file id="fl-37">
         <path>C:\ti\ccsv6\tools\compiler\c5500_4.4.1\lib\</path>
         <kind>archive</kind>
         <file>rts55h.lib</file>
         <name>fixdi.obj</name>
      </input_file>
      <input_file id="fl-38">
         <path>C:\ti\ccsv6\tools\compiler\c5500_4.4.1\lib\</path>
         <kind>archive</kind>
         <file>rts55h.lib</file>
         <name>fixdli.obj</name>
      </input_file>
      <input_file id="fl-39">
         <path>C:\ti\ccsv6\tools\compiler\c5500_4.4.1\lib\</path>
         <kind>archive</kind>
         <file>rts55h.lib</file>
         <name>fltlid.obj</name>
      </input_file>
      <input_file id="fl-3a">
         <path>C:\ti\ccsv6\tools\compiler\c5500_4.4.1\lib\</path>
         <kind>archive</kind>
         <file>rts55h.lib</file>
         <name>fputc.obj</name>
      </input_file>
      <input_file id="fl-3b">
         <path>C:\ti\ccsv6\tools\compiler\c5500_4.4.1\lib\</path>
         <kind>archive</kind>
         <file>rts55h.lib</file>
         <name>fputs.obj</name>
      </input_file>
      <input_file id="fl-3c">
         <path>C:\ti\ccsv6\tools\compiler\c5500_4.4.1\lib\</path>
         <kind>archive</kind>
         <file>rts55h.lib</file>
         <name>frcmpyd_div.obj</name>
      </input_file>
      <input_file id="fl-3d">
         <path>C:\ti\ccsv6\tools\compiler\c5500_4.4.1\lib\</path>
         <kind>archive</kind>
         <file>rts55h.lib</file>
         <name>isinf.obj</name>
      </input_file>
      <input_file id="fl-3e">
         <path>C:\ti\ccsv6\tools\compiler\c5500_4.4.1\lib\</path>
         <kind>archive</kind>
         <file>rts55h.lib</file>
         <name>llmpy.obj</name>
      </input_file>
      <input_file id="fl-3f">
         <path>C:\ti\ccsv6\tools\compiler\c5500_4.4.1\lib\</path>
         <kind>archive</kind>
         <file>rts55h.lib</file>
         <name>ltoa.obj</name>
      </input_file>
      <input_file id="fl-40">
         <path>C:\ti\ccsv6\tools\compiler\c5500_4.4.1\lib\</path>
         <kind>archive</kind>
         <file>rts55h.lib</file>
         <name>memccpy.obj</name>
      </input_file>
      <input_file id="fl-41">
         <path>C:\ti\ccsv6\tools\compiler\c5500_4.4.1\lib\</path>
         <kind>archive</kind>
         <file>rts55h.lib</file>
         <name>memcpy.obj</name>
      </input_file>
      <input_file id="fl-42">
         <path>C:\ti\ccsv6\tools\compiler\c5500_4.4.1\lib\</path>
         <kind>archive</kind>
         <file>rts55h.lib</file>
         <name>mpyd.obj</name>
      </input_file>
      <input_file id="fl-43">
         <path>C:\ti\ccsv6\tools\compiler\c5500_4.4.1\lib\</path>
         <kind>archive</kind>
         <file>rts55h.lib</file>
         <name>negd.obj</name>
      </input_file>
      <input_file id="fl-44">
         <path>C:\ti\ccsv6\tools\compiler\c5500_4.4.1\lib\</path>
         <kind>archive</kind>
         <file>rts55h.lib</file>
         <name>remli.obj</name>
      </input_file>
      <input_file id="fl-45">
         <path>C:\ti\ccsv6\tools\compiler\c5500_4.4.1\lib\</path>
         <kind>archive</kind>
         <file>rts55h.lib</file>
         <name>remul.obj</name>
      </input_file>
      <input_file id="fl-46">
         <path>C:\ti\ccsv6\tools\compiler\c5500_4.4.1\lib\</path>
         <kind>archive</kind>
         <file>rts55h.lib</file>
         <name>setvbuf.obj</name>
      </input_file>
      <input_file id="fl-47">
         <path>C:\ti\ccsv6\tools\compiler\c5500_4.4.1\lib\</path>
         <kind>archive</kind>
         <file>rts55h.lib</file>
         <name>strtod.obj</name>
      </input_file>
      <input_file id="fl-48">
         <path>C:\ti\ccsv6\tools\compiler\c5500_4.4.1\lib\</path>
         <kind>archive</kind>
         <file>rts55h.lib</file>
         <name>strtol.obj</name>
      </input_file>
      <input_file id="fl-49">
         <path>C:\ti\ccsv6\tools\compiler\c5500_4.4.1\lib\</path>
         <kind>archive</kind>
         <file>rts55h.lib</file>
         <name>strtold.obj</name>
      </input_file>
      <input_file id="fl-4a">
         <path>C:\ti\ccsv6\tools\compiler\c5500_4.4.1\lib\</path>
         <kind>archive</kind>
         <file>rts55h.lib</file>
         <name>strtoll.obj</name>
      </input_file>
      <input_file id="fl-4b">
         <path>C:\ti\ccsv6\tools\compiler\c5500_4.4.1\lib\</path>
         <kind>archive</kind>
         <file>rts55h.lib</file>
         <name>strtoul.obj</name>
      </input_file>
      <input_file id="fl-4c">
         <path>C:\ti\ccsv6\tools\compiler\c5500_4.4.1\lib\</path>
         <kind>archive</kind>
         <file>rts55h.lib</file>
         <name>strtoull.obj</name>
      </input_file>
      <input_file id="fl-4d">
         <path>C:\ti\ccsv6\tools\compiler\c5500_4.4.1\lib\</path>
         <kind>archive</kind>
         <file>rts55h.lib</file>
         <name>subd.obj</name>
      </input_file>
      <input_file id="fl-4e">
         <path>C:\ti\ccsv6\tools\compiler\c5500_4.4.1\lib\</path>
         <kind>archive</kind>
         <file>rts55h.lib</file>
         <name>udiv.obj</name>
      </input_file>
      <input_file id="fl-4f">
         <path>C:\ti\ccsv6\tools\compiler\c5500_4.4.1\lib\</path>
         <kind>archive</kind>
         <file>rts55h.lib</file>
         <name>_bufread.obj</name>
      </input_file>
      <input_file id="fl-50">
         <path>C:\ti\ccsv6\tools\compiler\c5500_4.4.1\lib\</path>
         <kind>archive</kind>
         <file>rts55h.lib</file>
         <name>_io_perm.obj</name>
      </input_file>
      <input_file id="fl-51">
         <path>C:\ti\ccsv6\tools\compiler\c5500_4.4.1\lib\</path>
         <kind>archive</kind>
         <file>rts55h.lib</file>
         <name>addd.obj</name>
      </input_file>
      <input_file id="fl-52">
         <path>C:\ti\ccsv6\tools\compiler\c5500_4.4.1\lib\</path>
         <kind>archive</kind>
         <file>rts55h.lib</file>
         <name>divli.obj</name>
      </input_file>
      <input_file id="fl-53">
         <path>C:\ti\ccsv6\tools\compiler\c5500_4.4.1\lib\</path>
         <kind>archive</kind>
         <file>rts55h.lib</file>
         <name>errno.obj</name>
      </input_file>
      <input_file id="fl-54">
         <path>C:\ti\ccsv6\tools\compiler\c5500_4.4.1\lib\</path>
         <kind>archive</kind>
         <file>rts55h.lib</file>
         <name>fopen.obj</name>
      </input_file>
      <input_file id="fl-55">
         <path>C:\ti\ccsv6\tools\compiler\c5500_4.4.1\lib\</path>
         <kind>archive</kind>
         <file>rts55h.lib</file>
         <name>frcmpyd.obj</name>
      </input_file>
      <input_file id="fl-56">
         <path>C:\ti\ccsv6\tools\compiler\c5500_4.4.1\lib\</path>
         <kind>archive</kind>
         <file>rts55h.lib</file>
         <name>fseek.obj</name>
      </input_file>
      <input_file id="fl-57">
         <path>C:\ti\ccsv6\tools\compiler\c5500_4.4.1\lib\</path>
         <kind>archive</kind>
         <file>rts55h.lib</file>
         <name>idiv.obj</name>
      </input_file>
      <input_file id="fl-58">
         <path>C:\ti\ccsv6\tools\compiler\c5500_4.4.1\lib\</path>
         <kind>archive</kind>
         <file>rts55h.lib</file>
         <name>memory.obj</name>
      </input_file>
      <input_file id="fl-59">
         <path>C:\ti\ccsv6\tools\compiler\c5500_4.4.1\lib\</path>
         <kind>archive</kind>
         <file>rts55h.lib</file>
         <name>fclose.obj</name>
      </input_file>
      <input_file id="fl-5a">
         <path>C:\ti\ccsv6\tools\compiler\c5500_4.4.1\lib\</path>
         <kind>archive</kind>
         <file>rts55h.lib</file>
         <name>remove.obj</name>
      </input_file>
      <input_file id="fl-5b">
         <path>C:\ti\c55_lp\c5545bp_software_01.01.00.00\source_code\c55xx_diagnostics\board\diag\build\boostC5545\audio_line_in_loopback_test\Debug\</path>
         <kind>archive</kind>
         <file>C55XXCSL_LP.lib</file>
         <name>csl_gpio.obj</name>
      </input_file>
      <input_file id="fl-5c">
         <path>C:\ti\c55_lp\c5545bp_software_01.01.00.00\source_code\c55xx_diagnostics\board\diag\build\boostC5545\audio_line_in_loopback_test\Debug\</path>
         <kind>archive</kind>
         <file>C55XXCSL_LP.lib</file>
         <name>csl_i2c.obj</name>
      </input_file>
      <input_file id="fl-5d">
         <path>C:\ti\c55_lp\c5545bp_software_01.01.00.00\source_code\c55xx_diagnostics\board\diag\build\boostC5545\audio_line_in_loopback_test\Debug\</path>
         <kind>archive</kind>
         <file>C55XXCSL_LP.lib</file>
         <name>csl_i2s.obj</name>
      </input_file>
      <input_file id="fl-5e">
         <path>C:\ti\c55_lp\c5545bp_software_01.01.00.00\source_code\c55xx_diagnostics\board\diag\build\boostC5545\audio_line_in_loopback_test\Debug\</path>
         <kind>archive</kind>
         <file>C55XXCSL_LP.lib</file>
         <name>csl_intc.obj</name>
      </input_file>
      <input_file id="fl-5f">
         <path>C:\ti\c55_lp\c5545bp_software_01.01.00.00\source_code\c55xx_diagnostics\board\diag\build\boostC5545\audio_line_in_loopback_test\Debug\</path>
         <kind>archive</kind>
         <file>C55XXCSL_LP.lib</file>
         <name>csl_irqplug.obj</name>
      </input_file>
      <input_file id="fl-60">
         <path>C:\ti\c55_lp\c5545bp_software_01.01.00.00\source_code\c55xx_diagnostics\board\diag\build\boostC5545\audio_line_in_loopback_test\Debug\</path>
         <kind>archive</kind>
         <file>C55XXCSL_LP.lib</file>
         <name>csl_sysctrl.obj</name>
      </input_file>
      <input_file id="fl-61">
         <path>C:\ti\c55_lp\c5545bp_software_01.01.00.00\source_code\c55xx_diagnostics\board\diag\build\boostC5545\audio_line_in_loopback_test\Debug\</path>
         <kind>archive</kind>
         <file>C55XXCSL_LP.lib</file>
         <name>csl_uart.obj</name>
      </input_file>
      <input_file id="fl-62">
         <path>C:\ti\c55_lp\c5545bp_software_01.01.00.00\source_code\c55xx_diagnostics\board\diag\build\boostC5545\audio_line_in_loopback_test\Debug\</path>
         <kind>archive</kind>
         <file>C55XXCSL_LP.lib</file>
         <name>vectors.obj</name>
      </input_file>
   </input_file_list>
   <object_component_list>
      <object_component id="oc-164">
         <name>vectors</name>
         <load_address>0x100</load_address>
         <run_address>0x100</run_address>
         <size>0x100</size>
         <input_file_ref idref="fl-62"/>
      </object_component>
      <object_component id="oc-71">
         <name>vectors</name>
         <load_address>0x200</load_address>
         <run_address>0x200</run_address>
         <size>0x100</size>
         <input_file_ref idref="fl-2b"/>
      </object_component>
      <object_component id="oc-7f">
         <name>.text</name>
         <load_address>0x10000</load_address>
         <run_address>0x10000</run_address>
         <size>0x1533</size>
         <input_file_ref idref="fl-2e"/>
      </object_component>
      <object_component id="oc-15e">
         <name>.text</name>
         <load_address>0x11533</load_address>
         <run_address>0x11533</run_address>
         <size>0x10b9</size>
         <input_file_ref idref="fl-61"/>
      </object_component>
      <object_component id="oc-141">
         <name>.text</name>
         <load_address>0x125ec</load_address>
         <run_address>0x125ec</run_address>
         <size>0xe8f</size>
         <input_file_ref idref="fl-5c"/>
      </object_component>
      <object_component id="oc-85">
         <name>.text</name>
         <load_address>0x1347b</load_address>
         <run_address>0x1347b</run_address>
         <size>0xe26</size>
         <input_file_ref idref="fl-2f"/>
      </object_component>
      <object_component id="oc-147">
         <name>.text</name>
         <load_address>0x142a1</load_address>
         <run_address>0x142a1</run_address>
         <size>0x9af</size>
         <input_file_ref idref="fl-5d"/>
      </object_component>
      <object_component id="oc-13c">
         <name>.text</name>
         <load_address>0x14c50</load_address>
         <run_address>0x14c50</run_address>
         <size>0x68d</size>
         <input_file_ref idref="fl-5b"/>
      </object_component>
      <object_component id="oc-14e">
         <name>.text</name>
         <load_address>0x152dd</load_address>
         <run_address>0x152dd</run_address>
         <size>0x53d</size>
         <input_file_ref idref="fl-5e"/>
      </object_component>
      <object_component id="oc-61">
         <name>.text</name>
         <load_address>0x1581a</load_address>
         <run_address>0x1581a</run_address>
         <size>0x538</size>
         <input_file_ref idref="fl-28"/>
      </object_component>
      <object_component id="oc-12d">
         <name>.text</name>
         <load_address>0x15d52</load_address>
         <run_address>0x15d52</run_address>
         <size>0x533</size>
         <input_file_ref idref="fl-58"/>
      </object_component>
      <object_component id="oc-53">
         <name>.text</name>
         <load_address>0x16285</load_address>
         <run_address>0x16285</run_address>
         <size>0x518</size>
         <input_file_ref idref="fl-25"/>
      </object_component>
      <object_component id="oc-26">
         <name>.text</name>
         <load_address>0x1679d</load_address>
         <run_address>0x1679d</run_address>
         <size>0x3d1</size>
         <input_file_ref idref="fl-5"/>
      </object_component>
      <object_component id="oc-9b">
         <name>.text</name>
         <load_address>0x16b6e</load_address>
         <run_address>0x16b6e</run_address>
         <size>0x3c7</size>
         <input_file_ref idref="fl-35"/>
      </object_component>
      <object_component id="oc-11">
         <name>.text</name>
         <load_address>0x16f35</load_address>
         <run_address>0x16f35</run_address>
         <size>0x39e</size>
         <input_file_ref idref="fl-2"/>
      </object_component>
      <object_component id="oc-f3">
         <name>.text</name>
         <load_address>0x172d3</load_address>
         <run_address>0x172d3</run_address>
         <size>0x2e8</size>
         <input_file_ref idref="fl-4a"/>
      </object_component>
      <object_component id="oc-e5">
         <name>.text</name>
         <load_address>0x175bb</load_address>
         <run_address>0x175bb</run_address>
         <size>0x2b2</size>
         <input_file_ref idref="fl-47"/>
      </object_component>
      <object_component id="oc-1d">
         <name>.text</name>
         <load_address>0x1786d</load_address>
         <run_address>0x1786d</run_address>
         <size>0x2a7</size>
         <input_file_ref idref="fl-4"/>
      </object_component>
      <object_component id="oc-ee">
         <name>.text</name>
         <load_address>0x17b14</load_address>
         <run_address>0x17b14</run_address>
         <size>0x293</size>
         <input_file_ref idref="fl-49"/>
      </object_component>
      <object_component id="oc-11b">
         <name>.text</name>
         <load_address>0x17da7</load_address>
         <run_address>0x17da7</run_address>
         <size>0x26c</size>
         <input_file_ref idref="fl-54"/>
      </object_component>
      <object_component id="oc-158">
         <name>.text</name>
         <load_address>0x18013</load_address>
         <run_address>0x18013</run_address>
         <size>0x25e</size>
         <input_file_ref idref="fl-60"/>
      </object_component>
      <object_component id="oc-c1">
         <name>.text</name>
         <load_address>0x18271</load_address>
         <run_address>0x18271</run_address>
         <size>0x25c</size>
         <input_file_ref idref="fl-3e"/>
      </object_component>
      <object_component id="oc-10f">
         <name>.text</name>
         <load_address>0x184cd</load_address>
         <run_address>0x184cd</run_address>
         <size>0x257</size>
         <input_file_ref idref="fl-51"/>
      </object_component>
      <object_component id="oc-fb">
         <name>.text</name>
         <load_address>0x18724</load_address>
         <run_address>0x18724</run_address>
         <size>0x23c</size>
         <input_file_ref idref="fl-4c"/>
      </object_component>
      <object_component id="oc-ea">
         <name>.text</name>
         <load_address>0x18960</load_address>
         <run_address>0x18960</run_address>
         <size>0x1f9</size>
         <input_file_ref idref="fl-48"/>
      </object_component>
      <object_component id="oc-95">
         <name>.text</name>
         <load_address>0x18b59</load_address>
         <run_address>0x18b59</run_address>
         <size>0x1ea</size>
         <input_file_ref idref="fl-33"/>
      </object_component>
      <object_component id="oc-f7">
         <name>.text</name>
         <load_address>0x18d43</load_address>
         <run_address>0x18d43</run_address>
         <size>0x1c3</size>
         <input_file_ref idref="fl-4b"/>
      </object_component>
      <object_component id="oc-b4">
         <name>.text</name>
         <load_address>0x18f06</load_address>
         <run_address>0x18f06</run_address>
         <size>0x17b</size>
         <input_file_ref idref="fl-3b"/>
      </object_component>
      <object_component id="oc-4b">
         <name>.text</name>
         <load_address>0x19081</load_address>
         <run_address>0x19081</run_address>
         <size>0x155</size>
         <input_file_ref idref="fl-23"/>
      </object_component>
      <object_component id="oc-d1">
         <name>.text</name>
         <load_address>0x191d6</load_address>
         <run_address>0x191d6</run_address>
         <size>0x14b</size>
         <input_file_ref idref="fl-42"/>
      </object_component>
      <object_component id="oc-21">
         <name>.text:retain</name>
         <load_address>0x19321</load_address>
         <run_address>0x19321</run_address>
         <size>0x13c</size>
         <input_file_ref idref="fl-4"/>
      </object_component>
      <object_component id="oc-e1">
         <name>.text</name>
         <load_address>0x1945d</load_address>
         <run_address>0x1945d</run_address>
         <size>0xf3</size>
         <input_file_ref idref="fl-46"/>
      </object_component>
      <object_component id="oc-10b">
         <name>.text</name>
         <load_address>0x19550</load_address>
         <run_address>0x19550</run_address>
         <size>0xda</size>
         <input_file_ref idref="fl-50"/>
      </object_component>
      <object_component id="oc-69">
         <name>.text:CIO_breakpoint</name>
         <load_address>0x1962a</load_address>
         <run_address>0x1962a</run_address>
         <size>0xbe</size>
         <input_file_ref idref="fl-29"/>
      </object_component>
      <object_component id="oc-47">
         <name>.text</name>
         <load_address>0x196e8</load_address>
         <run_address>0x196e8</run_address>
         <size>0xba</size>
         <input_file_ref idref="fl-22"/>
      </object_component>
      <object_component id="oc-107">
         <name>.text</name>
         <load_address>0x197a2</load_address>
         <run_address>0x197a2</run_address>
         <size>0xa6</size>
         <input_file_ref idref="fl-4f"/>
      </object_component>
      <object_component id="oc-b0">
         <name>.text</name>
         <load_address>0x19848</load_address>
         <run_address>0x19848</run_address>
         <size>0xa2</size>
         <input_file_ref idref="fl-3a"/>
      </object_component>
      <object_component id="oc-2e">
         <name>.text</name>
         <load_address>0x198ea</load_address>
         <run_address>0x198ea</run_address>
         <size>0xa1</size>
         <input_file_ref idref="fl-6"/>
      </object_component>
      <object_component id="oc-3c">
         <name>.text</name>
         <load_address>0x1998b</load_address>
         <run_address>0x1998b</run_address>
         <size>0xa0</size>
         <input_file_ref idref="fl-20"/>
      </object_component>
      <object_component id="oc-9f">
         <name>.text</name>
         <load_address>0x19a2b</load_address>
         <run_address>0x19a2b</run_address>
         <size>0x99</size>
         <input_file_ref idref="fl-36"/>
      </object_component>
      <object_component id="oc-6c">
         <name>.text</name>
         <load_address>0x19ac4</load_address>
         <run_address>0x19ac4</run_address>
         <size>0x98</size>
         <input_file_ref idref="fl-2a"/>
      </object_component>
      <object_component id="oc-154">
         <name>.text</name>
         <load_address>0x19b5c</load_address>
         <run_address>0x19b5c</run_address>
         <size>0x8c</size>
         <input_file_ref idref="fl-5f"/>
      </object_component>
      <object_component id="oc-c5">
         <name>.text</name>
         <load_address>0x19be8</load_address>
         <run_address>0x19be8</run_address>
         <size>0x79</size>
         <input_file_ref idref="fl-3f"/>
      </object_component>
      <object_component id="oc-134">
         <name>.text</name>
         <load_address>0x19c61</load_address>
         <run_address>0x19c61</run_address>
         <size>0x76</size>
         <input_file_ref idref="fl-59"/>
      </object_component>
      <object_component id="oc-121">
         <name>.text</name>
         <load_address>0x19cd7</load_address>
         <run_address>0x19cd7</run_address>
         <size>0x76</size>
         <input_file_ref idref="fl-55"/>
      </object_component>
      <object_component id="oc-b9">
         <name>.text</name>
         <load_address>0x19d4d</load_address>
         <run_address>0x19d4d</run_address>
         <size>0x73</size>
         <input_file_ref idref="fl-3c"/>
      </object_component>
      <object_component id="oc-dd">
         <name>.text</name>
         <load_address>0x19dc0</load_address>
         <run_address>0x19dc0</run_address>
         <size>0x70</size>
         <input_file_ref idref="fl-45"/>
      </object_component>
      <object_component id="oc-a7">
         <name>.text</name>
         <load_address>0x19e30</load_address>
         <run_address>0x19e30</run_address>
         <size>0x6e</size>
         <input_file_ref idref="fl-38"/>
      </object_component>
      <object_component id="oc-163">
         <name>.text</name>
         <load_address>0x19e9e</load_address>
         <run_address>0x19e9e</run_address>
         <size>0x6d</size>
         <input_file_ref idref="fl-62"/>
      </object_component>
      <object_component id="oc-66">
         <name>.text</name>
         <load_address>0x19f0b</load_address>
         <run_address>0x19f0b</run_address>
         <size>0x6b</size>
         <input_file_ref idref="fl-29"/>
      </object_component>
      <object_component id="oc-125">
         <name>.text</name>
         <load_address>0x19f76</load_address>
         <run_address>0x19f76</run_address>
         <size>0x68</size>
         <input_file_ref idref="fl-56"/>
      </object_component>
      <object_component id="oc-75">
         <name>.text</name>
         <load_address>0x19fde</load_address>
         <run_address>0x19fde</run_address>
         <size>0x68</size>
         <input_file_ref idref="fl-2c"/>
      </object_component>
      <object_component id="oc-ab">
         <name>.text</name>
         <load_address>0x1a046</load_address>
         <run_address>0x1a046</run_address>
         <size>0x67</size>
         <input_file_ref idref="fl-39"/>
      </object_component>
      <object_component id="oc-8d">
         <name>.text</name>
         <load_address>0x1a0ad</load_address>
         <run_address>0x1a0ad</run_address>
         <size>0x59</size>
         <input_file_ref idref="fl-31"/>
      </object_component>
      <object_component id="oc-cd">
         <name>.text</name>
         <load_address>0x1a106</load_address>
         <run_address>0x1a106</run_address>
         <size>0x56</size>
         <input_file_ref idref="fl-41"/>
      </object_component>
      <object_component id="oc-59">
         <name>.text</name>
         <load_address>0x1a15c</load_address>
         <run_address>0x1a15c</run_address>
         <size>0x4e</size>
         <input_file_ref idref="fl-26"/>
      </object_component>
      <object_component id="oc-91">
         <name>.text</name>
         <load_address>0x1a1aa</load_address>
         <run_address>0x1a1aa</run_address>
         <size>0x4d</size>
         <input_file_ref idref="fl-32"/>
      </object_component>
      <object_component id="oc-d9">
         <name>.text</name>
         <load_address>0x1a1f7</load_address>
         <run_address>0x1a1f7</run_address>
         <size>0x4b</size>
         <input_file_ref idref="fl-44"/>
      </object_component>
      <object_component id="oc-89">
         <name>.text</name>
         <load_address>0x1a242</load_address>
         <run_address>0x1a242</run_address>
         <size>0x49</size>
         <input_file_ref idref="fl-30"/>
      </object_component>
      <object_component id="oc-113">
         <name>.text</name>
         <load_address>0x1a28b</load_address>
         <run_address>0x1a28b</run_address>
         <size>0x48</size>
         <input_file_ref idref="fl-52"/>
      </object_component>
      <object_component id="oc-40">
         <name>.text</name>
         <load_address>0x1a2d3</load_address>
         <run_address>0x1a2d3</run_address>
         <size>0x3e</size>
         <input_file_ref idref="fl-21"/>
      </object_component>
      <object_component id="oc-129">
         <name>.text</name>
         <load_address>0x1a311</load_address>
         <run_address>0x1a311</run_address>
         <size>0x3c</size>
         <input_file_ref idref="fl-57"/>
      </object_component>
      <object_component id="oc-17">
         <name>.text</name>
         <load_address>0x1a34d</load_address>
         <run_address>0x1a34d</run_address>
         <size>0x3a</size>
         <input_file_ref idref="fl-3"/>
      </object_component>
      <object_component id="oc-10">
         <name>.text</name>
         <load_address>0x1a387</load_address>
         <run_address>0x1a387</run_address>
         <size>0x34</size>
         <input_file_ref idref="fl-1e"/>
      </object_component>
      <object_component id="oc-a3">
         <name>.text</name>
         <load_address>0x1a3bb</load_address>
         <run_address>0x1a3bb</run_address>
         <size>0x2a</size>
         <input_file_ref idref="fl-37"/>
      </object_component>
      <object_component id="oc-103">
         <name>.text</name>
         <load_address>0x1a3e5</load_address>
         <run_address>0x1a3e5</run_address>
         <size>0x2a</size>
         <input_file_ref idref="fl-4e"/>
      </object_component>
      <object_component id="oc-c9">
         <name>.text</name>
         <load_address>0x1a40f</load_address>
         <run_address>0x1a40f</run_address>
         <size>0x22</size>
         <input_file_ref idref="fl-40"/>
      </object_component>
      <object_component id="oc-bd">
         <name>.text</name>
         <load_address>0x1a431</load_address>
         <run_address>0x1a431</run_address>
         <size>0x1a</size>
         <input_file_ref idref="fl-3d"/>
      </object_component>
      <object_component id="oc-5d">
         <name>.text</name>
         <load_address>0x1a44b</load_address>
         <run_address>0x1a44b</run_address>
         <size>0x15</size>
         <input_file_ref idref="fl-27"/>
      </object_component>
      <object_component id="oc-ff">
         <name>.text</name>
         <load_address>0x1a460</load_address>
         <run_address>0x1a460</run_address>
         <size>0x14</size>
         <input_file_ref idref="fl-4d"/>
      </object_component>
      <object_component id="oc-4f">
         <name>.text</name>
         <load_address>0x1a474</load_address>
         <run_address>0x1a474</run_address>
         <size>0x13</size>
         <input_file_ref idref="fl-24"/>
      </object_component>
      <object_component id="oc-79">
         <name>.text</name>
         <load_address>0x1a487</load_address>
         <run_address>0x1a487</run_address>
         <size>0x12</size>
         <input_file_ref idref="fl-2d"/>
      </object_component>
      <object_component id="oc-d5">
         <name>.text</name>
         <load_address>0x1a499</load_address>
         <run_address>0x1a499</run_address>
         <size>0x10</size>
         <input_file_ref idref="fl-43"/>
      </object_component>
      <object_component id="oc-138">
         <name>.text</name>
         <load_address>0x1a4a9</load_address>
         <run_address>0x1a4a9</run_address>
         <size>0xa</size>
         <input_file_ref idref="fl-5a"/>
      </object_component>
      <object_component id="oc-44">
         <name>.text:CIO_breakpoint</name>
         <load_address>0x1a4b3</load_address>
         <run_address>0x1a4b3</run_address>
         <size>0x7</size>
         <input_file_ref idref="fl-21"/>
      </object_component>
      <object_component id="oc-70">
         <name>.text</name>
         <load_address>0x1a4ba</load_address>
         <run_address>0x1a4ba</run_address>
         <size>0x2</size>
         <input_file_ref idref="fl-2b"/>
      </object_component>
      <object_component id="oc-34">
         <name>.stack</name>
         <uninitialized>true</uninitialized>
         <run_address>0x1e440</run_address>
         <size>0x0</size>
         <input_file_ref idref="fl-1e"/>
      </object_component>
      <object_component id="oc-189">
         <name>.stack</name>
         <uninitialized>true</uninitialized>
         <run_address>0x1e440</run_address>
         <size>0x0</size>
      </object_component>
      <object_component id="oc-168">
         <name>.sysstack</name>
         <uninitialized>true</uninitialized>
         <run_address>0x1f440</run_address>
         <size>0x0</size>
         <input_file_ref idref="fl-1e"/>
      </object_component>
      <object_component id="oc-18b">
         <name>.sysstack</name>
         <uninitialized>true</uninitialized>
         <run_address>0x1f440</run_address>
         <size>0x0</size>
      </object_component>
      <object_component id="oc-38">
         <name>.bss</name>
         <load_address>0x2111c</load_address>
         <run_address>0x2111c</run_address>
         <size>0x232</size>
         <input_file_ref idref="fl-1f"/>
      </object_component>
      <object_component id="oc-117">
         <name>.bss</name>
         <load_address>0x2134e</load_address>
         <run_address>0x2134e</run_address>
         <size>0x2</size>
         <input_file_ref idref="fl-53"/>
      </object_component>
      <object_component id="oc-27">
         <name>.bss</name>
         <load_address>0x21350</load_address>
         <run_address>0x21350</run_address>
         <size>0x1bc</size>
         <input_file_ref idref="fl-5"/>
      </object_component>
      <object_component id="oc-62">
         <name>.bss</name>
         <load_address>0x2150c</load_address>
         <run_address>0x2150c</run_address>
         <size>0x1a0</size>
         <input_file_ref idref="fl-28"/>
      </object_component>
      <object_component id="oc-14f">
         <name>.bss</name>
         <load_address>0x216ac</load_address>
         <run_address>0x216ac</run_address>
         <size>0x108</size>
         <input_file_ref idref="fl-5e"/>
      </object_component>
      <object_component id="oc-54">
         <name>.bss</name>
         <load_address>0x217b4</load_address>
         <run_address>0x217b4</run_address>
         <size>0xe2</size>
         <input_file_ref idref="fl-25"/>
      </object_component>
      <object_component id="oc-148">
         <name>.bss</name>
         <load_address>0x21896</load_address>
         <run_address>0x21896</run_address>
         <size>0x54</size>
         <input_file_ref idref="fl-5d"/>
      </object_component>
      <object_component id="oc-11c">
         <name>.bss</name>
         <load_address>0x218ea</load_address>
         <run_address>0x218ea</run_address>
         <size>0x2</size>
         <input_file_ref idref="fl-54"/>
      </object_component>
      <object_component id="oc-142">
         <name>.bss</name>
         <load_address>0x218ec</load_address>
         <run_address>0x218ec</run_address>
         <size>0x24</size>
         <input_file_ref idref="fl-5c"/>
      </object_component>
      <object_component id="oc-1e">
         <name>.bss</name>
         <load_address>0x21910</load_address>
         <run_address>0x21910</run_address>
         <size>0xe</size>
         <input_file_ref idref="fl-4"/>
      </object_component>
      <object_component id="oc-12e">
         <name>.bss</name>
         <load_address>0x21920</load_address>
         <run_address>0x21920</run_address>
         <size>0xe</size>
         <input_file_ref idref="fl-58"/>
      </object_component>
      <object_component id="oc-7a">
         <name>.bss</name>
         <load_address>0x21930</load_address>
         <run_address>0x21930</run_address>
         <size>0x8</size>
         <input_file_ref idref="fl-2d"/>
      </object_component>
      <object_component id="oc-41">
         <name>.bss</name>
         <load_address>0x21938</load_address>
         <run_address>0x21938</run_address>
         <size>0x8</size>
         <input_file_ref idref="fl-21"/>
      </object_component>
      <object_component id="oc-159">
         <name>.bss</name>
         <load_address>0x21940</load_address>
         <run_address>0x21940</run_address>
         <size>0x6</size>
         <input_file_ref idref="fl-60"/>
      </object_component>
      <object_component id="oc-56">
         <name>.cinit</name>
         <load_address>0x21b88</load_address>
         <run_address>0x21b88</run_address>
         <size>0x5a</size>
         <input_file_ref idref="fl-25"/>
      </object_component>
      <object_component id="oc-3a">
         <name>.cinit</name>
         <load_address>0x21be2</load_address>
         <run_address>0x21be2</run_address>
         <size>0x54</size>
         <input_file_ref idref="fl-1f"/>
      </object_component>
      <object_component id="oc-7c">
         <name>.cinit</name>
         <load_address>0x21c36</load_address>
         <run_address>0x21c36</run_address>
         <size>0x14</size>
         <input_file_ref idref="fl-2d"/>
      </object_component>
      <object_component id="oc-43">
         <name>.cinit</name>
         <load_address>0x21c4a</load_address>
         <run_address>0x21c4a</run_address>
         <size>0x14</size>
         <input_file_ref idref="fl-21"/>
      </object_component>
      <object_component id="oc-20">
         <name>.cinit</name>
         <load_address>0x21c5e</load_address>
         <run_address>0x21c5e</run_address>
         <size>0x12</size>
         <input_file_ref idref="fl-4"/>
      </object_component>
      <object_component id="oc-14a">
         <name>.cinit</name>
         <load_address>0x21c70</load_address>
         <run_address>0x21c70</run_address>
         <size>0x10</size>
         <input_file_ref idref="fl-5d"/>
      </object_component>
      <object_component id="oc-29">
         <name>.cinit</name>
         <load_address>0x21c80</load_address>
         <run_address>0x21c80</run_address>
         <size>0x8</size>
         <input_file_ref idref="fl-5"/>
      </object_component>
      <object_component id="oc-119">
         <name>.cinit</name>
         <load_address>0x21c88</load_address>
         <run_address>0x21c88</run_address>
         <size>0x8</size>
         <input_file_ref idref="fl-53"/>
      </object_component>
      <object_component id="oc-11e">
         <name>.cinit</name>
         <load_address>0x21c90</load_address>
         <run_address>0x21c90</run_address>
         <size>0x8</size>
         <input_file_ref idref="fl-54"/>
      </object_component>
      <object_component id="oc-130">
         <name>.cinit</name>
         <load_address>0x21c98</load_address>
         <run_address>0x21c98</run_address>
         <size>0x8</size>
         <input_file_ref idref="fl-58"/>
      </object_component>
      <object_component id="oc-13">
         <name>.const:.string</name>
         <load_address>0x20440</load_address>
         <run_address>0x20440</run_address>
         <size>0x676</size>
         <input_file_ref idref="fl-2"/>
      </object_component>
      <object_component id="oc-169">
         <name>.const:__ctypes_</name>
         <load_address>0x20ab6</load_address>
         <run_address>0x20ab6</run_address>
         <size>0x202</size>
         <input_file_ref idref="fl-34"/>
      </object_component>
      <object_component id="oc-2a">
         <name>.const:.string</name>
         <load_address>0x20cb8</load_address>
         <run_address>0x20cb8</run_address>
         <size>0x192</size>
         <input_file_ref idref="fl-5"/>
      </object_component>
      <object_component id="oc-22">
         <name>.const:.string</name>
         <load_address>0x20e4c</load_address>
         <run_address>0x20e4c</run_address>
         <size>0x136</size>
         <input_file_ref idref="fl-4"/>
      </object_component>
      <object_component id="oc-82">
         <name>.const:.string</name>
         <load_address>0x20f84</load_address>
         <run_address>0x20f84</run_address>
         <size>0x48</size>
         <input_file_ref idref="fl-2e"/>
      </object_component>
      <object_component id="oc-30">
         <name>.const:.string</name>
         <load_address>0x20fcc</load_address>
         <run_address>0x20fcc</run_address>
         <size>0x38</size>
         <input_file_ref idref="fl-6"/>
      </object_component>
      <object_component id="oc-19">
         <name>.const:.string</name>
         <load_address>0x21004</load_address>
         <run_address>0x21004</run_address>
         <size>0x2a</size>
         <input_file_ref idref="fl-3"/>
      </object_component>
      <object_component id="oc-16d">
         <name>.const:_digits</name>
         <load_address>0x21030</load_address>
         <run_address>0x21030</run_address>
         <size>0x28</size>
         <input_file_ref idref="fl-47"/>
      </object_component>
      <object_component id="oc-16f">
         <name>.const:_digits</name>
         <load_address>0x21058</load_address>
         <run_address>0x21058</run_address>
         <size>0x28</size>
         <input_file_ref idref="fl-49"/>
      </object_component>
      <object_component id="oc-16e">
         <name>.const:_powerof10</name>
         <load_address>0x21080</load_address>
         <run_address>0x21080</run_address>
         <size>0x18</size>
         <input_file_ref idref="fl-47"/>
      </object_component>
      <object_component id="oc-170">
         <name>.const:_powerof10</name>
         <load_address>0x21098</load_address>
         <run_address>0x21098</run_address>
         <size>0x18</size>
         <input_file_ref idref="fl-49"/>
      </object_component>
      <object_component id="oc-81">
         <name>.const</name>
         <load_address>0x210b0</load_address>
         <run_address>0x210b0</run_address>
         <size>0x18</size>
         <input_file_ref idref="fl-2e"/>
      </object_component>
      <object_component id="oc-16c">
         <name>.const:_initial_approx$1</name>
         <load_address>0x210c8</load_address>
         <run_address>0x210c8</run_address>
         <size>0x10</size>
         <input_file_ref idref="fl-35"/>
      </object_component>
      <object_component id="oc-e7">
         <name>.const</name>
         <load_address>0x210d8</load_address>
         <run_address>0x210d8</run_address>
         <size>0x10</size>
         <input_file_ref idref="fl-47"/>
      </object_component>
      <object_component id="oc-f0">
         <name>.const</name>
         <load_address>0x210e8</load_address>
         <run_address>0x210e8</run_address>
         <size>0x10</size>
         <input_file_ref idref="fl-49"/>
      </object_component>
      <object_component id="oc-16a">
         <name>.const:_flit$1</name>
         <load_address>0x210f8</load_address>
         <run_address>0x210f8</run_address>
         <size>0xe</size>
         <input_file_ref idref="fl-2f"/>
      </object_component>
      <object_component id="oc-16b">
         <name>.const:_barr$2</name>
         <load_address>0x21106</load_address>
         <run_address>0x21106</run_address>
         <size>0xc</size>
         <input_file_ref idref="fl-2f"/>
      </object_component>
      <object_component id="oc-b6">
         <name>.const:.string</name>
         <load_address>0x21114</load_address>
         <run_address>0x21114</run_address>
         <size>0x4</size>
         <input_file_ref idref="fl-3b"/>
      </object_component>
      <object_component id="oc-ad">
         <name>.const</name>
         <load_address>0x21118</load_address>
         <run_address>0x21118</run_address>
         <size>0x4</size>
         <input_file_ref idref="fl-39"/>
      </object_component>
      <object_component id="oc-131">
         <name>.sysmem</name>
         <uninitialized>true</uninitialized>
         <run_address>0x1a4be</run_address>
         <size>0x0</size>
         <input_file_ref idref="fl-58"/>
      </object_component>
      <object_component id="oc-18a">
         <name>.sysmem</name>
         <uninitialized>true</uninitialized>
         <run_address>0x1a4be</run_address>
         <size>0x0</size>
      </object_component>
      <object_component id="oc-68">
         <name>.cio</name>
         <uninitialized>true</uninitialized>
         <run_address>0x21948</run_address>
         <size>0x240</size>
         <input_file_ref idref="fl-29"/>
      </object_component>
      <object_component id="oc-171">
         <name>.switch:_SYS_setEBSR</name>
         <load_address>0x21ca4</load_address>
         <run_address>0x21ca4</run_address>
         <size>0x24</size>
         <input_file_ref idref="fl-60"/>
      </object_component>
      <object_component id="oc-12">
         <name>.debug_info</name>
         <load_address>0x0</load_address>
         <run_address>0x0</run_address>
         <size>0x24e3</size>
         <input_file_ref idref="fl-2"/>
      </object_component>
      <object_component id="oc-18">
         <name>.debug_info</name>
         <load_address>0x24e3</load_address>
         <run_address>0x24e3</run_address>
         <size>0x64b</size>
         <input_file_ref idref="fl-3"/>
      </object_component>
      <object_component id="oc-1f">
         <name>.debug_info</name>
         <load_address>0x2b2e</load_address>
         <run_address>0x2b2e</run_address>
         <size>0x31e6</size>
         <input_file_ref idref="fl-4"/>
      </object_component>
      <object_component id="oc-28">
         <name>.debug_info</name>
         <load_address>0x5d14</load_address>
         <run_address>0x5d14</run_address>
         <size>0x23f6</size>
         <input_file_ref idref="fl-5"/>
      </object_component>
      <object_component id="oc-2f">
         <name>.debug_info</name>
         <load_address>0x810a</load_address>
         <run_address>0x810a</run_address>
         <size>0x123c</size>
         <input_file_ref idref="fl-6"/>
      </object_component>
      <object_component id="oc-35">
         <name>.debug_info</name>
         <load_address>0x9346</load_address>
         <run_address>0x9346</run_address>
         <size>0xe8</size>
         <input_file_ref idref="fl-1e"/>
      </object_component>
      <object_component id="oc-39">
         <name>.debug_info</name>
         <load_address>0x942e</load_address>
         <run_address>0x942e</run_address>
         <size>0x57e</size>
         <input_file_ref idref="fl-1f"/>
      </object_component>
      <object_component id="oc-3d">
         <name>.debug_info</name>
         <load_address>0x99ac</load_address>
         <run_address>0x99ac</run_address>
         <size>0x534</size>
         <input_file_ref idref="fl-20"/>
      </object_component>
      <object_component id="oc-42">
         <name>.debug_info</name>
         <load_address>0x9ee0</load_address>
         <run_address>0x9ee0</run_address>
         <size>0x5fb</size>
         <input_file_ref idref="fl-21"/>
      </object_component>
      <object_component id="oc-48">
         <name>.debug_info</name>
         <load_address>0xa4db</load_address>
         <run_address>0xa4db</run_address>
         <size>0x706</size>
         <input_file_ref idref="fl-22"/>
      </object_component>
      <object_component id="oc-4c">
         <name>.debug_info</name>
         <load_address>0xabe1</load_address>
         <run_address>0xabe1</run_address>
         <size>0xa2d</size>
         <input_file_ref idref="fl-23"/>
      </object_component>
      <object_component id="oc-50">
         <name>.debug_info</name>
         <load_address>0xb60e</load_address>
         <run_address>0xb60e</run_address>
         <size>0xbd</size>
         <input_file_ref idref="fl-24"/>
      </object_component>
      <object_component id="oc-55">
         <name>.debug_info</name>
         <load_address>0xb6cb</load_address>
         <run_address>0xb6cb</run_address>
         <size>0x144b</size>
         <input_file_ref idref="fl-25"/>
      </object_component>
      <object_component id="oc-5a">
         <name>.debug_info</name>
         <load_address>0xcb16</load_address>
         <run_address>0xcb16</run_address>
         <size>0x76c</size>
         <input_file_ref idref="fl-26"/>
      </object_component>
      <object_component id="oc-5e">
         <name>.debug_info</name>
         <load_address>0xd282</load_address>
         <run_address>0xd282</run_address>
         <size>0x589</size>
         <input_file_ref idref="fl-27"/>
      </object_component>
      <object_component id="oc-63">
         <name>.debug_info</name>
         <load_address>0xd80b</load_address>
         <run_address>0xd80b</run_address>
         <size>0xed4</size>
         <input_file_ref idref="fl-28"/>
      </object_component>
      <object_component id="oc-67">
         <name>.debug_info</name>
         <load_address>0xe6df</load_address>
         <run_address>0xe6df</run_address>
         <size>0x744</size>
         <input_file_ref idref="fl-29"/>
      </object_component>
      <object_component id="oc-6d">
         <name>.debug_info</name>
         <load_address>0xee23</load_address>
         <run_address>0xee23</run_address>
         <size>0x5c9</size>
         <input_file_ref idref="fl-2a"/>
      </object_component>
      <object_component id="oc-72">
         <name>.debug_info</name>
         <load_address>0xf3ec</load_address>
         <run_address>0xf3ec</run_address>
         <size>0xbc</size>
         <input_file_ref idref="fl-2b"/>
      </object_component>
      <object_component id="oc-76">
         <name>.debug_info</name>
         <load_address>0xf4a8</load_address>
         <run_address>0xf4a8</run_address>
         <size>0x6dc</size>
         <input_file_ref idref="fl-2c"/>
      </object_component>
      <object_component id="oc-7b">
         <name>.debug_info</name>
         <load_address>0xfb84</load_address>
         <run_address>0xfb84</run_address>
         <size>0x5bc</size>
         <input_file_ref idref="fl-2d"/>
      </object_component>
      <object_component id="oc-80">
         <name>.debug_info</name>
         <load_address>0x10140</load_address>
         <run_address>0x10140</run_address>
         <size>0x27bd</size>
         <input_file_ref idref="fl-2e"/>
      </object_component>
      <object_component id="oc-86">
         <name>.debug_info</name>
         <load_address>0x128fd</load_address>
         <run_address>0x128fd</run_address>
         <size>0x1964</size>
         <input_file_ref idref="fl-2f"/>
      </object_component>
      <object_component id="oc-8a">
         <name>.debug_info</name>
         <load_address>0x14261</load_address>
         <run_address>0x14261</run_address>
         <size>0x586</size>
         <input_file_ref idref="fl-30"/>
      </object_component>
      <object_component id="oc-8e">
         <name>.debug_info</name>
         <load_address>0x147e7</load_address>
         <run_address>0x147e7</run_address>
         <size>0x5a4</size>
         <input_file_ref idref="fl-31"/>
      </object_component>
      <object_component id="oc-92">
         <name>.debug_info</name>
         <load_address>0x14d8b</load_address>
         <run_address>0x14d8b</run_address>
         <size>0xcd</size>
         <input_file_ref idref="fl-32"/>
      </object_component>
      <object_component id="oc-96">
         <name>.debug_info</name>
         <load_address>0x14e58</load_address>
         <run_address>0x14e58</run_address>
         <size>0x81f</size>
         <input_file_ref idref="fl-33"/>
      </object_component>
      <object_component id="oc-99">
         <name>.debug_info</name>
         <load_address>0x15677</load_address>
         <run_address>0x15677</run_address>
         <size>0x498</size>
         <input_file_ref idref="fl-34"/>
      </object_component>
      <object_component id="oc-9c">
         <name>.debug_info</name>
         <load_address>0x15b0f</load_address>
         <run_address>0x15b0f</run_address>
         <size>0x7e8</size>
         <input_file_ref idref="fl-35"/>
      </object_component>
      <object_component id="oc-a0">
         <name>.debug_info</name>
         <load_address>0x162f7</load_address>
         <run_address>0x162f7</run_address>
         <size>0x670</size>
         <input_file_ref idref="fl-36"/>
      </object_component>
      <object_component id="oc-a4">
         <name>.debug_info</name>
         <load_address>0x16967</load_address>
         <run_address>0x16967</run_address>
         <size>0x4cf</size>
         <input_file_ref idref="fl-37"/>
      </object_component>
      <object_component id="oc-a8">
         <name>.debug_info</name>
         <load_address>0x16e36</load_address>
         <run_address>0x16e36</run_address>
         <size>0x534</size>
         <input_file_ref idref="fl-38"/>
      </object_component>
      <object_component id="oc-ac">
         <name>.debug_info</name>
         <load_address>0x1736a</load_address>
         <run_address>0x1736a</run_address>
         <size>0x549</size>
         <input_file_ref idref="fl-39"/>
      </object_component>
      <object_component id="oc-b1">
         <name>.debug_info</name>
         <load_address>0x178b3</load_address>
         <run_address>0x178b3</run_address>
         <size>0x6aa</size>
         <input_file_ref idref="fl-3a"/>
      </object_component>
      <object_component id="oc-b5">
         <name>.debug_info</name>
         <load_address>0x17f5d</load_address>
         <run_address>0x17f5d</run_address>
         <size>0x942</size>
         <input_file_ref idref="fl-3b"/>
      </object_component>
      <object_component id="oc-ba">
         <name>.debug_info</name>
         <load_address>0x1889f</load_address>
         <run_address>0x1889f</run_address>
         <size>0x53e</size>
         <input_file_ref idref="fl-3c"/>
      </object_component>
      <object_component id="oc-be">
         <name>.debug_info</name>
         <load_address>0x18ddd</load_address>
         <run_address>0x18ddd</run_address>
         <size>0x680</size>
         <input_file_ref idref="fl-3d"/>
      </object_component>
      <object_component id="oc-c2">
         <name>.debug_info</name>
         <load_address>0x1945d</load_address>
         <run_address>0x1945d</run_address>
         <size>0x7d4</size>
         <input_file_ref idref="fl-3e"/>
      </object_component>
      <object_component id="oc-c6">
         <name>.debug_info</name>
         <load_address>0x19c31</load_address>
         <run_address>0x19c31</run_address>
         <size>0x5ad</size>
         <input_file_ref idref="fl-3f"/>
      </object_component>
      <object_component id="oc-ca">
         <name>.debug_info</name>
         <load_address>0x1a1de</load_address>
         <run_address>0x1a1de</run_address>
         <size>0x574</size>
         <input_file_ref idref="fl-40"/>
      </object_component>
      <object_component id="oc-ce">
         <name>.debug_info</name>
         <load_address>0x1a752</load_address>
         <run_address>0x1a752</run_address>
         <size>0xd1</size>
         <input_file_ref idref="fl-41"/>
      </object_component>
      <object_component id="oc-d2">
         <name>.debug_info</name>
         <load_address>0x1a823</load_address>
         <run_address>0x1a823</run_address>
         <size>0x55b</size>
         <input_file_ref idref="fl-42"/>
      </object_component>
      <object_component id="oc-d6">
         <name>.debug_info</name>
         <load_address>0x1ad7e</load_address>
         <run_address>0x1ad7e</run_address>
         <size>0x4b7</size>
         <input_file_ref idref="fl-43"/>
      </object_component>
      <object_component id="oc-da">
         <name>.debug_info</name>
         <load_address>0x1b235</load_address>
         <run_address>0x1b235</run_address>
         <size>0x4f2</size>
         <input_file_ref idref="fl-44"/>
      </object_component>
      <object_component id="oc-de">
         <name>.debug_info</name>
         <load_address>0x1b727</load_address>
         <run_address>0x1b727</run_address>
         <size>0x534</size>
         <input_file_ref idref="fl-45"/>
      </object_component>
      <object_component id="oc-e2">
         <name>.debug_info</name>
         <load_address>0x1bc5b</load_address>
         <run_address>0x1bc5b</run_address>
         <size>0x64a</size>
         <input_file_ref idref="fl-46"/>
      </object_component>
      <object_component id="oc-e6">
         <name>.debug_info</name>
         <load_address>0x1c2a5</load_address>
         <run_address>0x1c2a5</run_address>
         <size>0x84f</size>
         <input_file_ref idref="fl-47"/>
      </object_component>
      <object_component id="oc-eb">
         <name>.debug_info</name>
         <load_address>0x1caf4</load_address>
         <run_address>0x1caf4</run_address>
         <size>0x671</size>
         <input_file_ref idref="fl-48"/>
      </object_component>
      <object_component id="oc-ef">
         <name>.debug_info</name>
         <load_address>0x1d165</load_address>
         <run_address>0x1d165</run_address>
         <size>0x860</size>
         <input_file_ref idref="fl-49"/>
      </object_component>
      <object_component id="oc-f4">
         <name>.debug_info</name>
         <load_address>0x1d9c5</load_address>
         <run_address>0x1d9c5</run_address>
         <size>0x67d</size>
         <input_file_ref idref="fl-4a"/>
      </object_component>
      <object_component id="oc-f8">
         <name>.debug_info</name>
         <load_address>0x1e042</load_address>
         <run_address>0x1e042</run_address>
         <size>0x65a</size>
         <input_file_ref idref="fl-4b"/>
      </object_component>
      <object_component id="oc-fc">
         <name>.debug_info</name>
         <load_address>0x1e69c</load_address>
         <run_address>0x1e69c</run_address>
         <size>0x665</size>
         <input_file_ref idref="fl-4c"/>
      </object_component>
      <object_component id="oc-100">
         <name>.debug_info</name>
         <load_address>0x1ed01</load_address>
         <run_address>0x1ed01</run_address>
         <size>0x4de</size>
         <input_file_ref idref="fl-4d"/>
      </object_component>
      <object_component id="oc-104">
         <name>.debug_info</name>
         <load_address>0x1f1df</load_address>
         <run_address>0x1f1df</run_address>
         <size>0xef</size>
         <input_file_ref idref="fl-4e"/>
      </object_component>
      <object_component id="oc-108">
         <name>.debug_info</name>
         <load_address>0x1f2ce</load_address>
         <run_address>0x1f2ce</run_address>
         <size>0x6b8</size>
         <input_file_ref idref="fl-4f"/>
      </object_component>
      <object_component id="oc-10c">
         <name>.debug_info</name>
         <load_address>0x1f986</load_address>
         <run_address>0x1f986</run_address>
         <size>0x662</size>
         <input_file_ref idref="fl-50"/>
      </object_component>
      <object_component id="oc-110">
         <name>.debug_info</name>
         <load_address>0x1ffe8</load_address>
         <run_address>0x1ffe8</run_address>
         <size>0x5ab</size>
         <input_file_ref idref="fl-51"/>
      </object_component>
      <object_component id="oc-114">
         <name>.debug_info</name>
         <load_address>0x20593</load_address>
         <run_address>0x20593</run_address>
         <size>0x4f2</size>
         <input_file_ref idref="fl-52"/>
      </object_component>
      <object_component id="oc-118">
         <name>.debug_info</name>
         <load_address>0x20a85</load_address>
         <run_address>0x20a85</run_address>
         <size>0x47b</size>
         <input_file_ref idref="fl-53"/>
      </object_component>
      <object_component id="oc-11d">
         <name>.debug_info</name>
         <load_address>0x20f00</load_address>
         <run_address>0x20f00</run_address>
         <size>0xa1c</size>
         <input_file_ref idref="fl-54"/>
      </object_component>
      <object_component id="oc-122">
         <name>.debug_info</name>
         <load_address>0x2191c</load_address>
         <run_address>0x2191c</run_address>
         <size>0x4d2</size>
         <input_file_ref idref="fl-55"/>
      </object_component>
      <object_component id="oc-126">
         <name>.debug_info</name>
         <load_address>0x21dee</load_address>
         <run_address>0x21dee</run_address>
         <size>0x5f7</size>
         <input_file_ref idref="fl-56"/>
      </object_component>
      <object_component id="oc-12a">
         <name>.debug_info</name>
         <load_address>0x223e5</load_address>
         <run_address>0x223e5</run_address>
         <size>0xeb</size>
         <input_file_ref idref="fl-57"/>
      </object_component>
      <object_component id="oc-12f">
         <name>.debug_info</name>
         <load_address>0x224d0</load_address>
         <run_address>0x224d0</run_address>
         <size>0xba5</size>
         <input_file_ref idref="fl-58"/>
      </object_component>
      <object_component id="oc-135">
         <name>.debug_info</name>
         <load_address>0x23075</load_address>
         <run_address>0x23075</run_address>
         <size>0x64f</size>
         <input_file_ref idref="fl-59"/>
      </object_component>
      <object_component id="oc-139">
         <name>.debug_info</name>
         <load_address>0x236c4</load_address>
         <run_address>0x236c4</run_address>
         <size>0x510</size>
         <input_file_ref idref="fl-5a"/>
      </object_component>
      <object_component id="oc-13d">
         <name>.debug_info</name>
         <load_address>0x23bd4</load_address>
         <run_address>0x23bd4</run_address>
         <size>0x16bf</size>
         <input_file_ref idref="fl-5b"/>
      </object_component>
      <object_component id="oc-143">
         <name>.debug_info</name>
         <load_address>0x25293</load_address>
         <run_address>0x25293</run_address>
         <size>0x27a8</size>
         <input_file_ref idref="fl-5c"/>
      </object_component>
      <object_component id="oc-149">
         <name>.debug_info</name>
         <load_address>0x27a3b</load_address>
         <run_address>0x27a3b</run_address>
         <size>0x2193</size>
         <input_file_ref idref="fl-5d"/>
      </object_component>
      <object_component id="oc-150">
         <name>.debug_info</name>
         <load_address>0x29bce</load_address>
         <run_address>0x29bce</run_address>
         <size>0x18da</size>
         <input_file_ref idref="fl-5e"/>
      </object_component>
      <object_component id="oc-155">
         <name>.debug_info</name>
         <load_address>0x2b4a8</load_address>
         <run_address>0x2b4a8</run_address>
         <size>0x151</size>
         <input_file_ref idref="fl-5f"/>
      </object_component>
      <object_component id="oc-15a">
         <name>.debug_info</name>
         <load_address>0x2b5f9</load_address>
         <run_address>0x2b5f9</run_address>
         <size>0xfd7</size>
         <input_file_ref idref="fl-60"/>
      </object_component>
      <object_component id="oc-15f">
         <name>.debug_info</name>
         <load_address>0x2c5d0</load_address>
         <run_address>0x2c5d0</run_address>
         <size>0x33e2</size>
         <input_file_ref idref="fl-61"/>
      </object_component>
      <object_component id="oc-165">
         <name>.debug_info</name>
         <load_address>0x2f9b2</load_address>
         <run_address>0x2f9b2</run_address>
         <size>0x152</size>
         <input_file_ref idref="fl-62"/>
      </object_component>
      <object_component id="oc-18d">
         <name>.debug_info</name>
         <load_address>0x2fb04</load_address>
         <run_address>0x2fb04</run_address>
         <size>0x6e</size>
      </object_component>
      <object_component id="oc-14">
         <name>.debug_frame</name>
         <load_address>0x0</load_address>
         <run_address>0x0</run_address>
         <size>0x11f</size>
         <input_file_ref idref="fl-2"/>
      </object_component>
      <object_component id="oc-1a">
         <name>.debug_frame</name>
         <load_address>0x11f</load_address>
         <run_address>0x11f</run_address>
         <size>0xe4</size>
         <input_file_ref idref="fl-3"/>
      </object_component>
      <object_component id="oc-23">
         <name>.debug_frame</name>
         <load_address>0x203</load_address>
         <run_address>0x203</run_address>
         <size>0x341</size>
         <input_file_ref idref="fl-4"/>
      </object_component>
      <object_component id="oc-2b">
         <name>.debug_frame</name>
         <load_address>0x544</load_address>
         <run_address>0x544</run_address>
         <size>0x1ae</size>
         <input_file_ref idref="fl-5"/>
      </object_component>
      <object_component id="oc-31">
         <name>.debug_frame</name>
         <load_address>0x6f2</load_address>
         <run_address>0x6f2</run_address>
         <size>0x11d</size>
         <input_file_ref idref="fl-6"/>
      </object_component>
      <object_component id="oc-13e">
         <name>.debug_frame</name>
         <load_address>0x80f</load_address>
         <run_address>0x80f</run_address>
         <size>0x224</size>
         <input_file_ref idref="fl-5b"/>
      </object_component>
      <object_component id="oc-144">
         <name>.debug_frame</name>
         <load_address>0xa33</load_address>
         <run_address>0xa33</run_address>
         <size>0x1ef</size>
         <input_file_ref idref="fl-5c"/>
      </object_component>
      <object_component id="oc-14b">
         <name>.debug_frame</name>
         <load_address>0xc22</load_address>
         <run_address>0xc22</run_address>
         <size>0x196</size>
         <input_file_ref idref="fl-5d"/>
      </object_component>
      <object_component id="oc-151">
         <name>.debug_frame</name>
         <load_address>0xdb8</load_address>
         <run_address>0xdb8</run_address>
         <size>0x2a1</size>
         <input_file_ref idref="fl-5e"/>
      </object_component>
      <object_component id="oc-15b">
         <name>.debug_frame</name>
         <load_address>0x1059</load_address>
         <run_address>0x1059</run_address>
         <size>0x11f</size>
         <input_file_ref idref="fl-60"/>
      </object_component>
      <object_component id="oc-160">
         <name>.debug_frame</name>
         <load_address>0x1178</load_address>
         <run_address>0x1178</run_address>
         <size>0x30e</size>
         <input_file_ref idref="fl-61"/>
      </object_component>
      <object_component id="oc-15">
         <name>.debug_line</name>
         <load_address>0x0</load_address>
         <run_address>0x0</run_address>
         <size>0x23c</size>
         <input_file_ref idref="fl-2"/>
      </object_component>
      <object_component id="oc-1b">
         <name>.debug_line</name>
         <load_address>0x23c</load_address>
         <run_address>0x23c</run_address>
         <size>0x51</size>
         <input_file_ref idref="fl-3"/>
      </object_component>
      <object_component id="oc-24">
         <name>.debug_line</name>
         <load_address>0x28d</load_address>
         <run_address>0x28d</run_address>
         <size>0x1ff</size>
         <input_file_ref idref="fl-4"/>
      </object_component>
      <object_component id="oc-2c">
         <name>.debug_line</name>
         <load_address>0x48c</load_address>
         <run_address>0x48c</run_address>
         <size>0x22a</size>
         <input_file_ref idref="fl-5"/>
      </object_component>
      <object_component id="oc-32">
         <name>.debug_line</name>
         <load_address>0x6b6</load_address>
         <run_address>0x6b6</run_address>
         <size>0xf7</size>
         <input_file_ref idref="fl-6"/>
      </object_component>
      <object_component id="oc-36">
         <name>.debug_line</name>
         <load_address>0x7ad</load_address>
         <run_address>0x7ad</run_address>
         <size>0x54</size>
         <input_file_ref idref="fl-1e"/>
      </object_component>
      <object_component id="oc-3e">
         <name>.debug_line</name>
         <load_address>0x801</load_address>
         <run_address>0x801</run_address>
         <size>0x44</size>
         <input_file_ref idref="fl-20"/>
      </object_component>
      <object_component id="oc-45">
         <name>.debug_line</name>
         <load_address>0x845</load_address>
         <run_address>0x845</run_address>
         <size>0x51</size>
         <input_file_ref idref="fl-21"/>
      </object_component>
      <object_component id="oc-49">
         <name>.debug_line</name>
         <load_address>0x896</load_address>
         <run_address>0x896</run_address>
         <size>0x5b</size>
         <input_file_ref idref="fl-22"/>
      </object_component>
      <object_component id="oc-4d">
         <name>.debug_line</name>
         <load_address>0x8f1</load_address>
         <run_address>0x8f1</run_address>
         <size>0xa7</size>
         <input_file_ref idref="fl-23"/>
      </object_component>
      <object_component id="oc-51">
         <name>.debug_line</name>
         <load_address>0x998</load_address>
         <run_address>0x998</run_address>
         <size>0x3c</size>
         <input_file_ref idref="fl-24"/>
      </object_component>
      <object_component id="oc-57">
         <name>.debug_line</name>
         <load_address>0x9d4</load_address>
         <run_address>0x9d4</run_address>
         <size>0x1b0</size>
         <input_file_ref idref="fl-25"/>
      </object_component>
      <object_component id="oc-5b">
         <name>.debug_line</name>
         <load_address>0xb84</load_address>
         <run_address>0xb84</run_address>
         <size>0x69</size>
         <input_file_ref idref="fl-26"/>
      </object_component>
      <object_component id="oc-5f">
         <name>.debug_line</name>
         <load_address>0xbed</load_address>
         <run_address>0xbed</run_address>
         <size>0x57</size>
         <input_file_ref idref="fl-27"/>
      </object_component>
      <object_component id="oc-64">
         <name>.debug_line</name>
         <load_address>0xc44</load_address>
         <run_address>0xc44</run_address>
         <size>0x15e</size>
         <input_file_ref idref="fl-28"/>
      </object_component>
      <object_component id="oc-6a">
         <name>.debug_line</name>
         <load_address>0xda2</load_address>
         <run_address>0xda2</run_address>
         <size>0x6a</size>
         <input_file_ref idref="fl-29"/>
      </object_component>
      <object_component id="oc-6e">
         <name>.debug_line</name>
         <load_address>0xe0c</load_address>
         <run_address>0xe0c</run_address>
         <size>0x3d</size>
         <input_file_ref idref="fl-2a"/>
      </object_component>
      <object_component id="oc-73">
         <name>.debug_line</name>
         <load_address>0xe49</load_address>
         <run_address>0xe49</run_address>
         <size>0x37</size>
         <input_file_ref idref="fl-2b"/>
      </object_component>
      <object_component id="oc-77">
         <name>.debug_line</name>
         <load_address>0xe80</load_address>
         <run_address>0xe80</run_address>
         <size>0x69</size>
         <input_file_ref idref="fl-2c"/>
      </object_component>
      <object_component id="oc-7d">
         <name>.debug_line</name>
         <load_address>0xee9</load_address>
         <run_address>0xee9</run_address>
         <size>0x57</size>
         <input_file_ref idref="fl-2d"/>
      </object_component>
      <object_component id="oc-83">
         <name>.debug_line</name>
         <load_address>0xf40</load_address>
         <run_address>0xf40</run_address>
         <size>0x328</size>
         <input_file_ref idref="fl-2e"/>
      </object_component>
      <object_component id="oc-87">
         <name>.debug_line</name>
         <load_address>0x1268</load_address>
         <run_address>0x1268</run_address>
         <size>0x152</size>
         <input_file_ref idref="fl-2f"/>
      </object_component>
      <object_component id="oc-8b">
         <name>.debug_line</name>
         <load_address>0x13ba</load_address>
         <run_address>0x13ba</run_address>
         <size>0x41</size>
         <input_file_ref idref="fl-30"/>
      </object_component>
      <object_component id="oc-8f">
         <name>.debug_line</name>
         <load_address>0x13fb</load_address>
         <run_address>0x13fb</run_address>
         <size>0x46</size>
         <input_file_ref idref="fl-31"/>
      </object_component>
      <object_component id="oc-93">
         <name>.debug_line</name>
         <load_address>0x1441</load_address>
         <run_address>0x1441</run_address>
         <size>0x55</size>
         <input_file_ref idref="fl-32"/>
      </object_component>
      <object_component id="oc-97">
         <name>.debug_line</name>
         <load_address>0x1496</load_address>
         <run_address>0x1496</run_address>
         <size>0xad</size>
         <input_file_ref idref="fl-33"/>
      </object_component>
      <object_component id="oc-9d">
         <name>.debug_line</name>
         <load_address>0x1543</load_address>
         <run_address>0x1543</run_address>
         <size>0x5b</size>
         <input_file_ref idref="fl-35"/>
      </object_component>
      <object_component id="oc-a1">
         <name>.debug_line</name>
         <load_address>0x159e</load_address>
         <run_address>0x159e</run_address>
         <size>0x56</size>
         <input_file_ref idref="fl-36"/>
      </object_component>
      <object_component id="oc-a5">
         <name>.debug_line</name>
         <load_address>0x15f4</load_address>
         <run_address>0x15f4</run_address>
         <size>0x3d</size>
         <input_file_ref idref="fl-37"/>
      </object_component>
      <object_component id="oc-a9">
         <name>.debug_line</name>
         <load_address>0x1631</load_address>
         <run_address>0x1631</run_address>
         <size>0x3d</size>
         <input_file_ref idref="fl-38"/>
      </object_component>
      <object_component id="oc-ae">
         <name>.debug_line</name>
         <load_address>0x166e</load_address>
         <run_address>0x166e</run_address>
         <size>0x44</size>
         <input_file_ref idref="fl-39"/>
      </object_component>
      <object_component id="oc-b2">
         <name>.debug_line</name>
         <load_address>0x16b2</load_address>
         <run_address>0x16b2</run_address>
         <size>0x56</size>
         <input_file_ref idref="fl-3a"/>
      </object_component>
      <object_component id="oc-b7">
         <name>.debug_line</name>
         <load_address>0x1708</load_address>
         <run_address>0x1708</run_address>
         <size>0xa6</size>
         <input_file_ref idref="fl-3b"/>
      </object_component>
      <object_component id="oc-bb">
         <name>.debug_line</name>
         <load_address>0x17ae</load_address>
         <run_address>0x17ae</run_address>
         <size>0x40</size>
         <input_file_ref idref="fl-3c"/>
      </object_component>
      <object_component id="oc-bf">
         <name>.debug_line</name>
         <load_address>0x17ee</load_address>
         <run_address>0x17ee</run_address>
         <size>0x38</size>
         <input_file_ref idref="fl-3d"/>
      </object_component>
      <object_component id="oc-c3">
         <name>.debug_line</name>
         <load_address>0x1826</load_address>
         <run_address>0x1826</run_address>
         <size>0xa8</size>
         <input_file_ref idref="fl-3e"/>
      </object_component>
      <object_component id="oc-c7">
         <name>.debug_line</name>
         <load_address>0x18ce</load_address>
         <run_address>0x18ce</run_address>
         <size>0x40</size>
         <input_file_ref idref="fl-3f"/>
      </object_component>
      <object_component id="oc-cb">
         <name>.debug_line</name>
         <load_address>0x190e</load_address>
         <run_address>0x190e</run_address>
         <size>0x3a</size>
         <input_file_ref idref="fl-40"/>
      </object_component>
      <object_component id="oc-cf">
         <name>.debug_line</name>
         <load_address>0x1948</load_address>
         <run_address>0x1948</run_address>
         <size>0x54</size>
         <input_file_ref idref="fl-41"/>
[...]
         <name>__frcmpyd_div</name>
         <value>0x19d4d</value>
         <object_component_ref idref="oc-b9"/>
      </symbol>
      <symbol id="sm-2ae">
         <name>___isinf</name>
         <value>0x1a431</value>
         <object_component_ref idref="oc-bd"/>
      </symbol>
      <symbol id="sm-2b8">
         <name>__divull</name>
         <value>0x183a5</value>
         <object_component_ref idref="oc-c1"/>
      </symbol>
      <symbol id="sm-2b9">
         <name>__mpylli</name>
         <value>0x182ee</value>
         <object_component_ref idref="oc-c1"/>
      </symbol>
      <symbol id="sm-2ba">
         <name>__remlli</name>
         <value>0x182bf</value>
         <object_component_ref idref="oc-c1"/>
      </symbol>
      <symbol id="sm-2bb">
         <name>__divlli</name>
         <value>0x18499</value>
         <object_component_ref idref="oc-c1"/>
      </symbol>
      <symbol id="sm-2bc">
         <name>__remull</name>
         <value>0x18271</value>
         <object_component_ref idref="oc-c1"/>
      </symbol>
      <symbol id="sm-2c6">
         <name>_ltoa</name>
         <value>0x19be8</value>
         <object_component_ref idref="oc-c5"/>
      </symbol>
      <symbol id="sm-2d1">
         <name>_memccpy</name>
         <value>0x1a40f</value>
         <object_component_ref idref="oc-c9"/>
      </symbol>
      <symbol id="sm-2db">
         <name>_memcpy</name>
         <value>0x1a106</value>
         <object_component_ref idref="oc-cd"/>
      </symbol>
      <symbol id="sm-2e5">
         <name>__mpyd</name>
         <value>0x191d6</value>
         <object_component_ref idref="oc-d1"/>
      </symbol>
      <symbol id="sm-2ef">
         <name>__negd</name>
         <value>0x1a499</value>
         <object_component_ref idref="oc-d5"/>
      </symbol>
      <symbol id="sm-2f9">
         <name>__remli</name>
         <value>0x1a1f7</value>
         <object_component_ref idref="oc-d9"/>
      </symbol>
      <symbol id="sm-304">
         <name>__remul</name>
         <value>0x19dc0</value>
         <object_component_ref idref="oc-dd"/>
      </symbol>
      <symbol id="sm-30e">
         <name>_setvbuf</name>
         <value>0x1945d</value>
         <object_component_ref idref="oc-e1"/>
      </symbol>
      <symbol id="sm-31e">
         <name>_strtod</name>
         <value>0x175bb</value>
         <object_component_ref idref="oc-e5"/>
      </symbol>
      <symbol id="sm-328">
         <name>_strtol</name>
         <value>0x18960</value>
         <object_component_ref idref="oc-ea"/>
      </symbol>
      <symbol id="sm-338">
         <name>_strtold</name>
         <value>0x17b14</value>
         <object_component_ref idref="oc-ee"/>
      </symbol>
      <symbol id="sm-342">
         <name>_strtoll</name>
         <value>0x172d3</value>
         <object_component_ref idref="oc-f3"/>
      </symbol>
      <symbol id="sm-34c">
         <name>_strtoul</name>
         <value>0x18d43</value>
         <object_component_ref idref="oc-f7"/>
      </symbol>
      <symbol id="sm-356">
         <name>_strtoull</name>
         <value>0x18724</value>
         <object_component_ref idref="oc-fb"/>
      </symbol>
      <symbol id="sm-360">
         <name>__subd</name>
         <value>0x1a460</value>
         <object_component_ref idref="oc-ff"/>
      </symbol>
      <symbol id="sm-368">
         <name>__remu</name>
         <value>0x1a3fa</value>
         <object_component_ref idref="oc-103"/>
      </symbol>
      <symbol id="sm-369">
         <name>__divu</name>
         <value>0x1a3e5</value>
         <object_component_ref idref="oc-103"/>
      </symbol>
      <symbol id="sm-36a">
         <name>I$$UMOD</name>
         <value>0x1a3fa</value>
         <object_component_ref idref="oc-103"/>
      </symbol>
      <symbol id="sm-36b">
         <name>I$$UDIV</name>
         <value>0x1a3e5</value>
         <object_component_ref idref="oc-103"/>
      </symbol>
      <symbol id="sm-375">
         <name>__buff_read</name>
         <value>0x197a2</value>
         <object_component_ref idref="oc-107"/>
      </symbol>
      <symbol id="sm-37f">
         <name>__rd_ok</name>
         <value>0x195cd</value>
         <object_component_ref idref="oc-10b"/>
      </symbol>
      <symbol id="sm-380">
         <name>__wrt_ok</name>
         <value>0x19550</value>
         <object_component_ref idref="oc-10b"/>
      </symbol>
      <symbol id="sm-38a">
         <name>__addd</name>
         <value>0x184cd</value>
         <object_component_ref idref="oc-10f"/>
      </symbol>
      <symbol id="sm-394">
         <name>__divli</name>
         <value>0x1a28b</value>
         <object_component_ref idref="oc-113"/>
      </symbol>
      <symbol id="sm-39e">
         <name>_errno</name>
         <value>0x2134e</value>
         <object_component_ref idref="oc-117"/>
      </symbol>
      <symbol id="sm-3ad">
         <name>__cleanup</name>
         <value>0x17ebc</value>
         <object_component_ref idref="oc-11b"/>
      </symbol>
      <symbol id="sm-3ae">
         <name>_fopen</name>
         <value>0x17fda</value>
         <object_component_ref idref="oc-11b"/>
      </symbol>
      <symbol id="sm-3af">
         <name>_freopen</name>
         <value>0x17f14</value>
         <object_component_ref idref="oc-11b"/>
      </symbol>
      <symbol id="sm-3b9">
         <name>__frcmpyd</name>
         <value>0x19cd7</value>
         <object_component_ref idref="oc-121"/>
      </symbol>
      <symbol id="sm-3c3">
         <name>_fseek</name>
         <value>0x19f76</value>
         <object_component_ref idref="oc-125"/>
      </symbol>
      <symbol id="sm-3cb">
         <name>__remi</name>
         <value>0x1a330</value>
         <object_component_ref idref="oc-129"/>
      </symbol>
      <symbol id="sm-3cc">
         <name>__divi</name>
         <value>0x1a311</value>
         <object_component_ref idref="oc-129"/>
      </symbol>
      <symbol id="sm-3cd">
         <name>I$$MOD</name>
         <value>0x1a330</value>
         <object_component_ref idref="oc-129"/>
      </symbol>
      <symbol id="sm-3ce">
         <name>I$$DIV</name>
         <value>0x1a311</value>
         <object_component_ref idref="oc-129"/>
      </symbol>
      <symbol id="sm-3de">
         <name>__sys_memory</name>
         <value>0x1a4be</value>
         <object_component_ref idref="oc-131"/>
      </symbol>
      <symbol id="sm-3df">
         <name>_chkheap</name>
         <value>0x16231</value>
         <object_component_ref idref="oc-12d"/>
      </symbol>
      <symbol id="sm-3e0">
         <name>_realloc</name>
         <value>0x15f97</value>
         <object_component_ref idref="oc-12d"/>
      </symbol>
      <symbol id="sm-3e1">
         <name>_free_memory</name>
         <value>0x161ca</value>
         <object_component_ref idref="oc-12d"/>
      </symbol>
      <symbol id="sm-3e2">
         <name>_max_free</name>
         <value>0x16160</value>
         <object_component_ref idref="oc-12d"/>
      </symbol>
      <symbol id="sm-3e3">
         <name>_free</name>
         <value>0x15d52</value>
         <object_component_ref idref="oc-12d"/>
      </symbol>
      <symbol id="sm-3e4">
         <name>_calloc</name>
         <value>0x16239</value>
         <object_component_ref idref="oc-12d"/>
      </symbol>
      <symbol id="sm-3e5">
         <name>_malloc</name>
         <value>0x15e96</value>
         <object_component_ref idref="oc-12d"/>
      </symbol>
      <symbol id="sm-3e6">
         <name>_minit</name>
         <value>0x15e24</value>
         <object_component_ref idref="oc-12d"/>
      </symbol>
      <symbol id="sm-3f0">
         <name>_fclose</name>
         <value>0x19c61</value>
         <object_component_ref idref="oc-134"/>
      </symbol>
      <symbol id="sm-3fa">
         <name>_remove</name>
         <value>0x1a4a9</value>
         <object_component_ref idref="oc-138"/>
      </symbol>
      <symbol id="sm-43f">
         <name>_GPIO_configBit</name>
         <value>0x14eeb</value>
         <object_component_ref idref="oc-13c"/>
      </symbol>
      <symbol id="sm-440">
         <name>_GPIO_open</name>
         <value>0x14c50</value>
         <object_component_ref idref="oc-13c"/>
      </symbol>
      <symbol id="sm-441">
         <name>_GPIO_write</name>
         <value>0x14e48</value>
         <object_component_ref idref="oc-13c"/>
      </symbol>
      <symbol id="sm-442">
         <name>_GPIO_config</name>
         <value>0x14cb8</value>
         <object_component_ref idref="oc-13c"/>
      </symbol>
      <symbol id="sm-443">
         <name>_GPIO_clearInt</name>
         <value>0x1513b</value>
         <object_component_ref idref="oc-13c"/>
      </symbol>
      <symbol id="sm-444">
         <name>_GPIO_disableInt</name>
         <value>0x15033</value>
         <object_component_ref idref="oc-13c"/>
      </symbol>
      <symbol id="sm-445">
         <name>_GPIO_getConfig</name>
         <value>0x14d3d</value>
         <object_component_ref idref="oc-13c"/>
      </symbol>
      <symbol id="sm-446">
         <name>_GPIO_enableInt</name>
         <value>0x150b1</value>
         <object_component_ref idref="oc-13c"/>
      </symbol>
      <symbol id="sm-447">
         <name>_GPIO_close</name>
         <value>0x14c94</value>
         <object_component_ref idref="oc-13c"/>
      </symbol>
      <symbol id="sm-448">
         <name>_GPIO_read</name>
         <value>0x14dc5</value>
         <object_component_ref idref="oc-13c"/>
      </symbol>
      <symbol id="sm-449">
         <name>_GPIO_reset</name>
         <value>0x1524e</value>
         <object_component_ref idref="oc-13c"/>
      </symbol>
      <symbol id="sm-44a">
         <name>_GPIO_statusBit</name>
         <value>0x151c7</value>
         <object_component_ref idref="oc-13c"/>
      </symbol>
      <symbol id="sm-4f0">
         <name>_I2C_eventEnable</name>
         <value>0x1317f</value>
         <object_component_ref idref="oc-141"/>
      </symbol>
      <symbol id="sm-4f1">
         <name>_i2cHandle</name>
         <value>0x2190c</value>
         <object_component_ref idref="oc-142"/>
      </symbol>
      <symbol id="sm-4f2">
         <name>_I2C_read</name>
         <value>0x12d1d</value>
         <object_component_ref idref="oc-141"/>
      </symbol>
      <symbol id="sm-4f3">
         <name>_I2C_write</name>
         <value>0x12aca</value>
         <object_component_ref idref="oc-141"/>
      </symbol>
      <symbol id="sm-4f4">
         <name>_I2C_init</name>
         <value>0x125ec</value>
         <object_component_ref idref="oc-141"/>
      </symbol>
      <symbol id="sm-4f5">
         <name>_I2C_getEventId</name>
         <value>0x1345f</value>
         <object_component_ref idref="oc-141"/>
      </symbol>
      <symbol id="sm-4f6">
         <name>_I2C_setCallback</name>
         <value>0x133d2</value>
         <object_component_ref idref="oc-141"/>
      </symbol>
      <symbol id="sm-4f7">
         <name>_I2C_getConfig</name>
         <value>0x127fa</value>
         <object_component_ref idref="oc-141"/>
      </symbol>
      <symbol id="sm-4f8">
         <name>_gI2cObj</name>
         <value>0x218ec</value>
         <object_component_ref idref="oc-142"/>
      </symbol>
      <symbol id="sm-4f9">
         <name>_I2C_setup</name>
         <value>0x128d0</value>
         <object_component_ref idref="oc-141"/>
      </symbol>
      <symbol id="sm-4fa">
         <name>_I2C_config</name>
         <value>0x12695</value>
         <object_component_ref idref="oc-141"/>
      </symbol>
      <symbol id="sm-4fb">
         <name>_I2C_eventDisable</name>
         <value>0x132b3</value>
         <object_component_ref idref="oc-141"/>
      </symbol>
      <symbol id="sm-5a0">
         <name>_fsError</name>
         <value>0x218e6</value>
         <object_component_ref idref="oc-148"/>
      </symbol>
      <symbol id="sm-5a1">
         <name>_I2S_read</name>
         <value>0x14744</value>
         <object_component_ref idref="oc-147"/>
      </symbol>
      <symbol id="sm-5a2">
         <name>_I2S_setup</name>
         <value>0x143a4</value>
         <object_component_ref idref="oc-147"/>
      </symbol>
      <symbol id="sm-5a3">
         <name>_I2S_reset</name>
         <value>0x14b54</value>
         <object_component_ref idref="oc-147"/>
      </symbol>
      <symbol id="sm-5a4">
         <name>_I2S_write</name>
         <value>0x149fe</value>
         <object_component_ref idref="oc-147"/>
      </symbol>
      <symbol id="sm-5a5">
         <name>_I2S_close</name>
         <value>0x14692</value>
         <object_component_ref idref="oc-147"/>
      </symbol>
      <symbol id="sm-5a6">
         <name>_ouError</name>
         <value>0x218e8</value>
         <object_component_ref idref="oc-148"/>
      </symbol>
      <symbol id="sm-5a7">
         <name>_I2S_open</name>
         <value>0x142a1</value>
         <object_component_ref idref="oc-147"/>
      </symbol>
      <symbol id="sm-5a8">
         <name>_I2S_transEnable</name>
         <value>0x14c05</value>
         <object_component_ref idref="oc-147"/>
      </symbol>
      <symbol id="sm-5e3">
         <name>_IRQ_restore</name>
         <value>0x15616</value>
         <object_component_ref idref="oc-14e"/>
      </symbol>
      <symbol id="sm-5e4">
         <name>_IRQ_getArg</name>
         <value>0x15686</value>
         <object_component_ref idref="oc-14e"/>
      </symbol>
      <symbol id="sm-5e5">
         <name>_IRQ_setArg</name>
         <value>0x156cc</value>
         <object_component_ref idref="oc-14e"/>
      </symbol>
      <symbol id="sm-5e6">
         <name>_IRQ_getConfig</name>
         <value>0x1546d</value>
         <object_component_ref idref="oc-14e"/>
      </symbol>
      <symbol id="sm-5e7">
         <name>_IRQ_test</name>
         <value>0x15762</value>
         <object_component_ref idref="oc-14e"/>
      </symbol>
      <symbol id="sm-5e8">
         <name>_IRQ_clear</name>
         <value>0x15377</value>
         <object_component_ref idref="oc-14e"/>
      </symbol>
      <symbol id="sm-5e9">
         <name>_IRQ_disable</name>
         <value>0x15500</value>
         <object_component_ref idref="oc-14e"/>
      </symbol>
      <symbol id="sm-5ea">
         <name>_IRQ_globalRestore</name>
         <value>0x15806</value>
         <object_component_ref idref="oc-14e"/>
      </symbol>
      <symbol id="sm-5eb">
         <name>_IRQ_map</name>
         <value>0x156ff</value>
         <object_component_ref idref="oc-14e"/>
      </symbol>
      <symbol id="sm-5ec">
         <name>_IRQ_clearAll</name>
         <value>0x153ca</value>
         <object_component_ref idref="oc-14e"/>
      </symbol>
      <symbol id="sm-5ed">
         <name>_IRQ_globalDisable</name>
         <value>0x157d4</value>
         <object_component_ref idref="oc-14e"/>
      </symbol>
      <symbol id="sm-5ee">
         <name>_IRQ_globalEnable</name>
         <value>0x157ed</value>
         <object_component_ref idref="oc-14e"/>
      </symbol>
      <symbol id="sm-5ef">
         <name>_IRQ_disableAll</name>
         <value>0x1557e</value>
         <object_component_ref idref="oc-14e"/>
      </symbol>
      <symbol id="sm-5f0">
         <name>_IRQ_config</name>
         <value>0x153da</value>
         <object_component_ref idref="oc-14e"/>
      </symbol>
      <symbol id="sm-5f1">
         <name>_IRQ_init</name>
         <value>0x152dd</value>
         <object_component_ref idref="oc-14e"/>
      </symbol>
      <symbol id="sm-5f2">
         <name>_IRQ_enable</name>
         <value>0x1558c</value>
         <object_component_ref idref="oc-14e"/>
      </symbol>
      <symbol id="sm-5f3">
         <name>_IRQ_setVecs</name>
         <value>0x15731</value>
         <object_component_ref idref="oc-14e"/>
      </symbol>
      <symbol id="sm-5fe">
         <name>_IRQ_plug</name>
         <value>0x19b5c</value>
         <object_component_ref idref="oc-154"/>
      </symbol>
      <symbol id="sm-624">
         <name>_SYS_peripheralReset</name>
         <value>0x18013</value>
         <object_component_ref idref="oc-158"/>
      </symbol>
      <symbol id="sm-625">
         <name>_PG3_flag</name>
         <value>0x21942</value>
         <object_component_ref idref="oc-159"/>
      </symbol>
      <symbol id="sm-626">
         <name>_PG1_flag</name>
         <value>0x21944</value>
         <object_component_ref idref="oc-159"/>
      </symbol>
      <symbol id="sm-627">
         <name>_PG4_flag</name>
         <value>0x21940</value>
         <object_component_ref idref="oc-159"/>
      </symbol>
      <symbol id="sm-628">
         <name>_SYS_setEBSR</name>
         <value>0x180a1</value>
         <object_component_ref idref="oc-158"/>
      </symbol>
      <symbol id="sm-629">
         <name>_SYS_set_DSP_LDO_voltage</name>
         <value>0x1824c</value>
         <object_component_ref idref="oc-158"/>
      </symbol>
      <symbol id="sm-718">
         <name>_UART_resetOff</name>
         <value>0x11d45</value>
         <object_component_ref idref="oc-15e"/>
      </symbol>
      <symbol id="sm-719">
         <name>_UART_read</name>
         <value>0x11eb7</value>
         <object_component_ref idref="oc-15e"/>
      </symbol>
      <symbol id="sm-71a">
         <name>_UART_reset</name>
         <value>0x11d00</value>
         <object_component_ref idref="oc-15e"/>
      </symbol>
      <symbol id="sm-71b">
         <name>_UART_setCallback</name>
         <value>0x12586</value>
         <object_component_ref idref="oc-15e"/>
      </symbol>
      <symbol id="sm-71c">
         <name>_UART_setup</name>
         <value>0x1164a</value>
         <object_component_ref idref="oc-15e"/>
      </symbol>
      <symbol id="sm-71d">
         <name>_UART_fputc</name>
         <value>0x12200</value>
         <object_component_ref idref="oc-15e"/>
      </symbol>
      <symbol id="sm-71e">
         <name>_UART_fgetc</name>
         <value>0x12162</value>
         <object_component_ref idref="oc-15e"/>
      </symbol>
      <symbol id="sm-71f">
         <name>_UART_fputs</name>
         <value>0x123b5</value>
         <object_component_ref idref="oc-15e"/>
      </symbol>
      <symbol id="sm-720">
         <name>_UART_fgets</name>
         <value>0x12285</value>
         <object_component_ref idref="oc-15e"/>
      </symbol>
      <symbol id="sm-721">
         <name>_UART_write</name>
         <value>0x11fe0</value>
         <object_component_ref idref="oc-15e"/>
      </symbol>
      <symbol id="sm-722">
         <name>_UART_getConfig</name>
         <value>0x124c9</value>
         <object_component_ref idref="oc-15e"/>
      </symbol>
      <symbol id="sm-723">
         <name>_UART_eventEnable</name>
         <value>0x11d90</value>
         <object_component_ref idref="oc-15e"/>
      </symbol>
      <symbol id="sm-724">
         <name>_UART_config</name>
         <value>0x11af1</value>
         <object_component_ref idref="oc-15e"/>
      </symbol>
      <symbol id="sm-725">
         <name>_UART_eventDisable</name>
         <value>0x11e28</value>
         <object_component_ref idref="oc-15e"/>
      </symbol>
      <symbol id="sm-726">
         <name>_UART_init</name>
         <value>0x115b8</value>
         <object_component_ref idref="oc-15e"/>
      </symbol>
      <symbol id="sm-727">
         <name>_UART_getEventId</name>
         <value>0x124a2</value>
         <object_component_ref idref="oc-15e"/>
      </symbol>
      <symbol id="sm-728">
         <name>_UART_setupBaudRate</name>
         <value>0x11bf6</value>
         <object_component_ref idref="oc-15e"/>
      </symbol>
      <symbol id="sm-772">
         <name>_VECSTART</name>
         <value>0x100</value>
         <object_component_ref idref="oc-164"/>
      </symbol>
      <symbol id="sm-773">
         <name>RST</name>
         <value>0x100</value>
         <object_component_ref idref="oc-164"/>
      </symbol>
   </symbol_table>
</link_info>
