******************************************************************************
              TMS320C55x Linker PC v4.4.1                      
******************************************************************************
>> Linked Mon Apr 24 09:42:28 2017

OUTPUT FILE NAME:   <DigitalDelayCS320.out>
ENTRY POINT SYMBOL: "_c_int00"  address: 0001a3ac


MEMORY CONFIGURATION

         name            origin    length      used     unused   attr    fill
                        (bytes)   (bytes)    (bytes)   (bytes)
----------------------  --------  ---------  --------  --------  ----  --------
  MMR                   00000000   000000c0  00000000  000000c0  RW  
  VEC                   000000c0   00000300  00000200  00000100  R  X
  DARAM                 00000400   0000fbff  00000000  0000fbff  RW  
  SARAM                 00010000   0003e000  00011cee  0002c312  RW  


SECTION ALLOCATION MAP
(Addresses surrounded by []'s are displayed for convenience only!)

output                                                          attributes/
section   page  orgn(bytes) orgn(words) len(bytes) len(words)   input sections
--------  ----  ----------- ----------- ---------- ----------   --------------
vectors      0     00000100  [ 00000080 ] 00000200          *   NOLOAD SECTION
                   00000100  [ 00000080 ] 00000100          *   C55XXCSL_LP.lib : vectors.obj (vectors)
                   00000200  [ 00000100 ] 00000100          *   rts55h.lib : vectors.obj (vectors)

.text        0     00010000  [ 00008000 ] 0000a4e2          *   
                   00010000  [ 00008000 ] 00001533          *   rts55h.lib : _printfi.obj (.text)
                   00011533  [ 00008a99+] 000010b9          *   C55XXCSL_LP.lib : csl_uart.obj (.text)
                   000125ec  [ 000092f6 ] 00000e8f          *                   : csl_i2c.obj (.text)
                   0001347b  [ 00009a3d+] 00000e26          *   rts55h.lib : _scanfi.obj (.text)
                   000142a1  [ 0000a150+] 000009af          *   C55XXCSL_LP.lib : csl_i2s.obj (.text)
                   00014c50  [ 0000a628 ] 0000068d          *                   : csl_gpio.obj (.text)
                   000152dd  [ 0000a96e+] 0000053d          *                   : csl_intc.obj (.text)
                   0001581a  [ 0000ac0d ] 00000538          *   rts55h.lib : trgdrv.obj (.text)
                   00015d52  [ 0000aea9 ] 00000533          *              : memory.obj (.text)
                   00016285  [ 0000b142+] 00000518          *              : lowlev.obj (.text)
                   0001679d  [ 0000b3ce+] 000003d1          *   platform.obj (.text)
                   00016b6e  [ 0000b5b7 ] 000003c7          *   rts55h.lib : divd.obj (.text)
                   00016f35  [ 0000b79a+] 00000364          *   audio_line_in_loopback_test.obj (.text)
                   00017299  [ 0000b94c+] 000002e8          *   rts55h.lib : strtoll.obj (.text)
                   00017581  [ 0000bac0+] 000002cf          *   audio_common.obj (.text)
                   00017850  [ 0000bc28 ] 000002b2          *   rts55h.lib : strtod.obj (.text)
                   00017b02  [ 0000bd81 ] 00000293          *              : strtold.obj (.text)
                   00017d95  [ 0000beca+] 0000026c          *              : fopen.obj (.text)
                   00018001  [ 0000c000+] 0000025e          *   C55XXCSL_LP.lib : csl_sysctrl.obj (.text)
                   0001825f  [ 0000c12f+] 0000025c          *   rts55h.lib : llmpy.obj (.text)
                   000184bb  [ 0000c25d+] 00000257          *              : addd.obj (.text)
                   00018712  [ 0000c389 ] 0000023c          *              : strtoull.obj (.text)
                   0001894e  [ 0000c4a7 ] 000001f9          *              : strtol.obj (.text)
                   00018b47  [ 0000c5a3+] 000001ea          *              : cmpd.obj (.text)
                   00018d31  [ 0000c698+] 000001c3          *              : strtoul.obj (.text)
                   00018ef4  [ 0000c77a ] 0000017b          *              : fputs.obj (.text)
                   0001906f  [ 0000c837+] 00000173          *   audio_common.obj (.text:retain)
                   000191e2  [ 0000c8f1 ] 00000155          *   rts55h.lib : fscanf.obj (.text)
                   00019337  [ 0000c99b+] 0000014b          *              : mpyd.obj (.text)
                   00019482  [ 0000ca41 ] 000000f3          *              : setvbuf.obj (.text)
                   00019575  [ 0000caba+] 000000da          *              : _io_perm.obj (.text)
                   0001964f  [ 0000cb27+] 000000be          *              : trgmsg.obj (.text:CIO_breakpoint)
                   0001970d  [ 0000cb86+] 000000ba          *              : fflush.obj (.text)
                   000197c7  [ 0000cbe3+] 000000a6          *              : _bufread.obj (.text)
                   0001986d  [ 0000cc36+] 000000a2          *              : fputc.obj (.text)
                   0001990f  [ 0000cc87+] 000000a1          *   system_init.obj (.text)
                   000199b0  [ 0000ccd8 ] 000000a0          *   rts55h.lib : divul.obj (.text)
                   00019a50  [ 0000cd28 ] 00000099          *              : fgetc.obj (.text)
                   00019ae9  [ 0000cd74+] 00000098          *              : ungetc.obj (.text)
                   00019b81  [ 0000cdc0+] 0000008c          *   C55XXCSL_LP.lib : csl_irqplug.obj (.text)
                   00019c0d  [ 0000ce06+] 00000079          *   rts55h.lib : ltoa.obj (.text)
                   00019c86  [ 0000ce43 ] 00000076          *              : fclose.obj (.text)
                   00019cfc  [ 0000ce7e ] 00000076          *              : frcmpyd.obj (.text)
                   00019d72  [ 0000ceb9 ] 00000073          *              : frcmpyd_div.obj (.text)
                   00019de5  [ 0000cef2+] 00000070          *              : remul.obj (.text)
                   00019e55  [ 0000cf2a+] 0000006e          *              : fixdli.obj (.text)
                   00019ec3  [ 0000cf61+] 0000006d          *   C55XXCSL_LP.lib : vectors.obj (.text)
                   00019f30  [ 0000cf98 ] 0000006b          *   rts55h.lib : trgmsg.obj (.text)
                   00019f9b  [ 0000cfcd+] 00000068          *              : fseek.obj (.text)
                   0001a003  [ 0000d001+] 00000068          *              : vsprintf.obj (.text)
                   0001a06b  [ 0000d035+] 00000067          *              : fltlid.obj (.text)
                   0001a0d2  [ 0000d069 ] 00000059          *              : atoi.obj (.text)
                   0001a12b  [ 0000d095+] 00000056          *              : memcpy.obj (.text)
                   0001a181  [ 0000d0c0+] 0000004e          *              : printf.obj (.text)
                   0001a1cf  [ 0000d0e7+] 0000004d          *              : autoinit.obj (.text)
                   0001a21c  [ 0000d10e ] 0000004b          *              : remli.obj (.text)
                   0001a267  [ 0000d133+] 00000049          *              : args_main.obj (.text)
                   0001a2b0  [ 0000d158 ] 00000048          *              : divli.obj (.text)
                   0001a2f8  [ 0000d17c ] 0000003e          *              : exit.obj (.text)
                   0001a336  [ 0000d19b ] 0000003c          *              : idiv.obj (.text)
                   0001a372  [ 0000d1b9 ] 0000003a          *   main.obj (.text)
                   0001a3ac  [ 0000d1d6 ] 00000034          *   rts55h.lib : boot.obj (.text)
                   0001a3e0  [ 0000d1f0 ] 0000002a          *              : fixdi.obj (.text)
                   0001a40a  [ 0000d205 ] 0000002a          *              : udiv.obj (.text)
                   0001a434  [ 0000d21a ] 00000022          *              : memccpy.obj (.text)
                   0001a456  [ 0000d22b ] 0000001a          *              : isinf.obj (.text)
                   0001a470  [ 0000d238 ] 00000015          *              : strlen.obj (.text)
                   0001a485  [ 0000d242+] 00000014          *              : subd.obj (.text)
                   0001a499  [ 0000d24c+] 00000013          *              : lmpy.obj (.text)
                   0001a4ac  [ 0000d256 ] 00000012          *              : _lock.obj (.text)
                   0001a4be  [ 0000d25f ] 00000010          *              : negd.obj (.text)
                   0001a4ce  [ 0000d267 ] 0000000a          *              : remove.obj (.text)
                   0001a4d8  [ 0000d26c ] 00000007          *              : exit.obj (.text:CIO_breakpoint)
                   0001a4df  [ 0000d26f+] 00000002          *              : vectors.obj (.text)
                   0001a4e1  [ 0000d270 ] 00000001          *   --HOLE-- [fill = 20]

.data        0   [ 00010000 ]  00008000          *   00000000   UNINITIALIZED

.sysmem      0   [ 0001a4e2 ]  0000d271          *   00001fc0   UNINITIALIZED
                 [ 0001a4e2 ]  0000d271          *   00001fc0   --HOLE--

.stack       0   [ 0001e464 ]  0000f232          *   00000800   UNINITIALIZED
                 [ 0001e464 ]  0000f232          *   00000800   --HOLE--

.sysstack 
*            0   [ 0001f464 ]  0000fa32          *   00000800   UNINITIALIZED
                 [ 0001f464 ]  0000fa32          *   00000800   --HOLE--

.const       0   [ 00020464 ]  00010232          *   0000066e   
                 [ 00020464 ]  00010232          *   0000033b   audio_line_in_loopback_test.obj (.const:.string)
                 [ 00020ada ]  0001056d          *   00000101   rts55h.lib : ctype.obj (.const:__ctypes_)
                 [ 00020cdc ]  0001066e          *   000000c9   platform.obj (.const:.string)
                 [ 00020e6e ]  00010737          *   00000001   --HOLE-- [fill = 0]
                 [ 00020e70 ]  00010738          *   0000009b   audio_common.obj (.const:.string)
                 [ 00020fa6 ]  000107d3          *   00000001   --HOLE-- [fill = 0]
                 [ 00020fa8 ]  000107d4          *   00000024   rts55h.lib : _printfi.obj (.const:.string)
                 [ 00020ff0 ]  000107f8          *   0000001c   system_init.obj (.const:.string)
                 [ 00021028 ]  00010814          *   00000015   main.obj (.const:.string)
                 [ 00021052 ]  00010829          *   00000001   --HOLE-- [fill = 0]
                 [ 00021054 ]  0001082a          *   00000014   rts55h.lib : strtod.obj (.const:_digits)
                 [ 0002107c ]  0001083e          *   00000014              : strtold.obj (.const:_digits)
                 [ 000210a4 ]  00010852          *   0000000c              : strtod.obj (.const:_powerof10)
                 [ 000210bc ]  0001085e          *   0000000c              : strtold.obj (.const:_powerof10)
                 [ 000210d4 ]  0001086a          *   0000000c              : _printfi.obj (.const)
                 [ 000210ec ]  00010876          *   00000008              : divd.obj (.const:_initial_approx$1)
                 [ 000210fc ]  0001087e          *   00000008              : strtod.obj (.const)
                 [ 0002110c ]  00010886          *   00000008              : strtold.obj (.const)
                 [ 0002111c ]  0001088e          *   00000007              : _scanfi.obj (.const:_flit$1)
                 [ 0002112a ]  00010895          *   00000006              : _scanfi.obj (.const:_barr$2)
                 [ 00021136 ]  0001089b          *   00000001   --HOLE-- [fill = 0]
                 [ 00021138 ]  0001089c          *   00000002              : fputs.obj (.const:.string)
                 [ 0002113c ]  0001089e          *   00000002              : fltlid.obj (.const)

.bss         0   [ 00021140 ]  000108a0          *   00000415   
                 [ 00021140 ]  000108a0          *   00000119   rts55h.lib : defs.obj (.bss) [fill = 0]
                 [ 00021372 ]  000109b9          *   00000001              : errno.obj (.bss) [fill = 0]
                 [ 00021374 ]  000109ba          *   000000de   platform.obj (.bss) [fill = 0]
                 [ 00021530 ]  00010a98          *   000000d0   rts55h.lib : trgdrv.obj (.bss) [fill = 0]
                 [ 000216d0 ]  00010b68          *   00000084   C55XXCSL_LP.lib : csl_intc.obj (.bss) [fill = 0]
                 [ 000217d8 ]  00010bec          *   00000071   rts55h.lib : lowlev.obj (.bss) [fill = 0]
                 [ 000218ba ]  00010c5d          *   0000002a   C55XXCSL_LP.lib : csl_i2s.obj (.bss) [fill = 0]
                 [ 0002190e ]  00010c87          *   00000001   rts55h.lib : fopen.obj (.bss) [fill = 0]
                 [ 00021910 ]  00010c88          *   00000012   C55XXCSL_LP.lib : csl_i2c.obj (.bss) [fill = 0]
                 [ 00021934 ]  00010c9a          *   00000008   audio_common.obj (.bss) [fill = 0]
                 [ 00021944 ]  00010ca2          *   00000007   rts55h.lib : memory.obj (.bss) [fill = 0]
                 [ 00021952 ]  00010ca9          *   00000001   --HOLE-- [fill = 0]
                 [ 00021954 ]  00010caa          *   00000004              : _lock.obj (.bss) [fill = 0]
                 [ 0002195c ]  00010cae          *   00000004              : exit.obj (.bss) [fill = 0]
                 [ 00021964 ]  00010cb2          *   00000003   C55XXCSL_LP.lib : csl_sysctrl.obj (.bss) [fill = 0]

.cio         0   [ 00021970 ]  00010cb8          *   00000120   UNINITIALIZED
                 [ 00021970 ]  00010cb8          *   00000120   rts55h.lib : trgmsg.obj (.cio)

.cinit       0   [ 00021bb0 ]  00010dd8          *   00000091   
                 [ 00021bb0 ]  00010dd8          *   0000002d   rts55h.lib : lowlev.obj (.cinit)
                 [ 00021c0a ]  00010e05          *   0000002a              : defs.obj (.cinit)
                 [ 00021c5e ]  00010e2f          *   0000000d   audio_common.obj (.cinit)
                 [ 00021c78 ]  00010e3c          *   0000000a   rts55h.lib : _lock.obj (.cinit)
                 [ 00021c8c ]  00010e46          *   0000000a              : exit.obj (.cinit)
                 [ 00021ca0 ]  00010e50          *   00000008   C55XXCSL_LP.lib : csl_i2s.obj (.cinit)
                 [ 00021cb0 ]  00010e58          *   00000004   platform.obj (.cinit)
                 [ 00021cb8 ]  00010e5c          *   00000004   rts55h.lib : errno.obj (.cinit)
                 [ 00021cc0 ]  00010e60          *   00000004              : fopen.obj (.cinit)
                 [ 00021cc8 ]  00010e64          *   00000004              : memory.obj (.cinit)
                 [ 00021cd0 ]  00010e68          *   00000001   --HOLE-- [fill = 0]

.switch      0   [ 00021cd4 ]  00010e6a          *   00000012   
                 [ 00021cd4 ]  00010e6a          *   00000012   C55XXCSL_LP.lib : csl_sysctrl.obj (.switch:_SYS_setEBSR)


GLOBAL SYMBOLS: SORTED ALPHABETICALLY BY Name 

abs. value/
byte addr   word addr   name
---------   ---------   ----
00000002                $TI_capability$C5500$CallingConvention
00000008                $TI_capability$C5500$MemoryModel
00000001                $TI_capability_requires_rev3
            000108a0    .bss
            00008000    .data
00010000                .text
0001a4d9                C$$EXIT
00019708                C$$IO$$
0001a336                I$$DIV
0001a499                I$$LMPY
0001a355                I$$MOD
0001a40a                I$$UDIV
0001a41f                I$$UMOD
00000100                RST
00016f35                _AIC3206_loop_linein
00017807                _AIC3206_write
0001679d                _C55x_delay_msec
000169c7                _C55x_getSysClk
00016842                _C55x_msgRead
0001682a                _C55x_msgReadConfigure
000168fe                _C55x_msgWrite
000168e6                _C55x_msgWriteConfigure
0001513b                _GPIO_clearInt
00014c94                _GPIO_close
00014cb8                _GPIO_config
00014eeb                _GPIO_configBit
00015033                _GPIO_disableInt
000150b1                _GPIO_enableInt
00014d3d                _GPIO_getConfig
00014c50                _GPIO_open
00014dc5                _GPIO_read
0001524e                _GPIO_reset
000151c7                _GPIO_statusBit
00014e48                _GPIO_write
00015cf4                _HOSTclock
00015c89                _HOSTclose
00015bd4                _HOSTlseek
00015b33                _HOSTopen
00015aa8                _HOSTread
000159ef                _HOSTrename
00015991                _HOSTtime
00015925                _HOSTunlink
0001589a                _HOSTwrite
00012695                _I2C_config
000132b3                _I2C_eventDisable
0001317f                _I2C_eventEnable
000127fa                _I2C_getConfig
0001345f                _I2C_getEventId
000125ec                _I2C_init
00012d1d                _I2C_read
000133d2                _I2C_setCallback
000128d0                _I2C_setup
00012aca                _I2C_write
00014692                _I2S_close
000142a1                _I2S_open
00014744                _I2S_read
00017733                _I2S_readLeft
00017792                _I2S_readRight
00014b54                _I2S_reset
000143a4                _I2S_setup
00014c05                _I2S_transEnable
000149fe                _I2S_write
00017765                _I2S_writeLeft
000177b3                _I2S_writeRight
00015377                _IRQ_clear
000153ca                _IRQ_clearAll
000153da                _IRQ_config
00015500                _IRQ_disable
0001557e                _IRQ_disableAll
0001558c                _IRQ_enable
00015686                _IRQ_getArg
0001546d                _IRQ_getConfig
000157d4                _IRQ_globalDisable
000157ed                _IRQ_globalEnable
00015806                _IRQ_globalRestore
000152dd                _IRQ_init
000156ff                _IRQ_map
00019b81                _IRQ_plug
00015616                _IRQ_restore
000156cc                _IRQ_setArg
00015731                _IRQ_setVecs
00015762                _IRQ_test
            00010cb4    _PG1_flag
            00010cb3    _PG3_flag
            00010cb2    _PG4_flag
0001990f                _ProgramPLL_100MHz
00000200                _Reset
00018001                _SYS_peripheralReset
0001808f                _SYS_setEBSR
0001823a                _SYS_set_DSP_LDO_voltage
00011af1                _UART_config
00011e28                _UART_eventDisable
00011d90                _UART_eventEnable
00012162                _UART_fgetc
00012285                _UART_fgets
00012200                _UART_fputc
000123b5                _UART_fputs
000124c9                _UART_getConfig
000124a2                _UART_getEventId
000115b8                _UART_init
00011eb7                _UART_read
00011d00                _UART_reset
00011d45                _UART_resetOff
00012586                _UART_setCallback
0001164a                _UART_setup
00011bf6                _UART_setupBaudRate
00011fe0                _UART_write
00000100                _VECSTART
            00010cb8    __CIOBUF_
            0000fa32    __STACK_END
00001000                __STACK_SIZE
00003f80                __SYSMEM_SIZE
00001000                __SYSSTACK_SIZE
00000001                __TI_args_main
ffffffff                ___binit__
            000108a0    ___bss__
ffffffff                ___c_args__
            00010dd8    ___cinit__
            00008000    ___data__
            00008000    ___edata__
            00010cb5    ___end__
0001a4e2                ___etext__
0001a456                ___isinf
ffffffff                ___pinit__
00010000                ___text__
000184bb                __addd
0001a267                __args_main
000197c7                __buff_read
00017eaa                __cleanup
            00010cae    __cleanup_ptr
00018cd9                __cmpd
            0001056d    __ctypes_
00016b6e                __divd
0001a336                __divi
0001a2b0                __divli
00018487                __divlli
0001a40a                __divu
000199b0                __divul
00018393                __divull
0001970d                __doflush
            00010cb0    __dtors_ptr
00018ca5                __eqld
0001a3e0                __fixdi
00019e55                __fixdli
0001a06b                __fltlid
00019cfc                __frcmpyd
00019d72                __frcmpyd_div
            000109b8    __ft_end
            000108a0    __ftable
00018c5b                __geqd
00018c10                __gtrd
00018bc3                __leqd
            00010caa    __lock
00018b7b                __lssd
00019337                __mpyd
0001a499                __mpyli
000182dc                __mpylli
0001a4be                __negd
00018b47                __neqd
0001a4bc                __nop
00011315                __printfi
000195f2                __rd_ok
0001a4b4                __register_lock
0001a4ac                __register_unlock
0001a355                __remi
0001a21c                __remli
000182ad                __remlli
0001a41f                __remu
00019de5                __remul
0001825f                __remull
00013dee                __scanfi
            0000f232    __stack
0001a485                __subd
            0000d271    __sys_memory
            0000fa32    __sysstack
            00010918    __tmpnams
            00010cac    __unlock
00019575                __wrt_ok
0001a4d8                _abort
000166b5                _add_device
0001a0d2                _atoi
0001722f                _audioLineInLoopbackTest
0001a1cf                _auto_init
0001a3ac                _c_int00
00016239                _calloc
00016231                _chkheap
00016645                _close
            000109b9    _errno
0001a2f8                _exit
00019c86                _fclose
0001976f                _fflush
00019a50                _fgetc
0001663c                _find_registered_device
00017fc8                _fopen
0001986d                _fputc
00018ef4                _fputs
00015d52                _free
000161ca                _free_memory
00017f02                _freopen
            00010c85    _fsError
0001921b                _fscanf
00019f9b                _fseek
            00010c88    _gI2cObj
00019a50                _getc
00019ada                _getchar
0001581a                _getenv
0001906f                _gpioISR
00017581                _gpio_interrupt_initiliastion
            00010c9e    _hI2s
            00010c98    _i2cHandle
00019984                _initPlatform
000177cf                _initialise_i2c_interface
000176da                _initialise_i2s_interface
000165d8                _lseek
00019c0d                _ltoa
0001a372                _main
00015e96                _malloc
00016160                _max_free
0001a434                _memccpy
0001a12b                _memcpy
00015e24                _minit
0001651b                _open
            00010c86    _ouError
000167d2                _platform_uart_set_params
0001a181                _printf
0001986d                _putc
00019900                _putchar
00019043                _puts
00016471                _read
            000109bb    _read_type
00019f30                _readmsg
00015f97                _realloc
0001a4ce                _remove
0001643d                _remove_device
000163e6                _rename
000191e2                _scanf
00019482                _setvbuf
0001a470                _strlen
00017850                _strtod
0001894e                _strtol
00017b02                _strtold
00017299                _strtoll
00018d31                _strtoul
00018712                _strtoull
            00010ca0    _sw3Pressed
            00010ca1    _sw4Pressed
            000109bc    _uartObj
00016a60                _uart_initialisation
00019ae9                _ungetc
000163b2                _unlink
0001a003                _vsprintf
00016285                _write
0001964f                _writemsg
ffffffff                binit
            00010dd8    cinit
            00008000    edata
            00010cb5    end
0001a4e2                etext
ffffffff                pinit


GLOBAL SYMBOLS: SORTED BY Symbol Address 

abs. value/
byte addr   word addr   name
---------   ---------   ----
00000001                $TI_capability_requires_rev3
00000001                __TI_args_main
00000002                $TI_capability$C5500$CallingConvention
00000008                $TI_capability$C5500$MemoryModel
00000100                RST
00000100                _VECSTART
00000200                _Reset
00001000                __STACK_SIZE
00001000                __SYSSTACK_SIZE
00003f80                __SYSMEM_SIZE
            00008000    .data
00010000                .text
            00008000    ___data__
            00008000    ___edata__
00010000                ___text__
            00008000    edata
00011315                __printfi
000115b8                _UART_init
0001164a                _UART_setup
00011af1                _UART_config
00011bf6                _UART_setupBaudRate
00011d00                _UART_reset
00011d45                _UART_resetOff
00011d90                _UART_eventEnable
00011e28                _UART_eventDisable
00011eb7                _UART_read
00011fe0                _UART_write
00012162                _UART_fgetc
00012200                _UART_fputc
00012285                _UART_fgets
000123b5                _UART_fputs
000124a2                _UART_getEventId
000124c9                _UART_getConfig
00012586                _UART_setCallback
000125ec                _I2C_init
00012695                _I2C_config
000127fa                _I2C_getConfig
000128d0                _I2C_setup
00012aca                _I2C_write
00012d1d                _I2C_read
0001317f                _I2C_eventEnable
000132b3                _I2C_eventDisable
000133d2                _I2C_setCallback
0001345f                _I2C_getEventId
00013dee                __scanfi
000142a1                _I2S_open
000143a4                _I2S_setup
00014692                _I2S_close
00014744                _I2S_read
000149fe                _I2S_write
00014b54                _I2S_reset
00014c05                _I2S_transEnable
00014c50                _GPIO_open
00014c94                _GPIO_close
00014cb8                _GPIO_config
00014d3d                _GPIO_getConfig
00014dc5                _GPIO_read
00014e48                _GPIO_write
00014eeb                _GPIO_configBit
00015033                _GPIO_disableInt
000150b1                _GPIO_enableInt
0001513b                _GPIO_clearInt
000151c7                _GPIO_statusBit
0001524e                _GPIO_reset
000152dd                _IRQ_init
00015377                _IRQ_clear
000153ca                _IRQ_clearAll
000153da                _IRQ_config
0001546d                _IRQ_getConfig
00015500                _IRQ_disable
0001557e                _IRQ_disableAll
0001558c                _IRQ_enable
00015616                _IRQ_restore
00015686                _IRQ_getArg
000156cc                _IRQ_setArg
000156ff                _IRQ_map
00015731                _IRQ_setVecs
00015762                _IRQ_test
000157d4                _IRQ_globalDisable
000157ed                _IRQ_globalEnable
00015806                _IRQ_globalRestore
0001581a                _getenv
0001589a                _HOSTwrite
00015925                _HOSTunlink
00015991                _HOSTtime
000159ef                _HOSTrename
00015aa8                _HOSTread
00015b33                _HOSTopen
00015bd4                _HOSTlseek
00015c89                _HOSTclose
00015cf4                _HOSTclock
00015d52                _free
00015e24                _minit
00015e96                _malloc
00015f97                _realloc
00016160                _max_free
000161ca                _free_memory
00016231                _chkheap
00016239                _calloc
00016285                _write
000163b2                _unlink
000163e6                _rename
0001643d                _remove_device
00016471                _read
0001651b                _open
000165d8                _lseek
0001663c                _find_registered_device
00016645                _close
000166b5                _add_device
0001679d                _C55x_delay_msec
000167d2                _platform_uart_set_params
0001682a                _C55x_msgReadConfigure
00016842                _C55x_msgRead
000168e6                _C55x_msgWriteConfigure
000168fe                _C55x_msgWrite
000169c7                _C55x_getSysClk
00016a60                _uart_initialisation
00016b6e                __divd
00016f35                _AIC3206_loop_linein
0001722f                _audioLineInLoopbackTest
00017299                _strtoll
00017581                _gpio_interrupt_initiliastion
000176da                _initialise_i2s_interface
00017733                _I2S_readLeft
00017765                _I2S_writeLeft
00017792                _I2S_readRight
000177b3                _I2S_writeRight
000177cf                _initialise_i2c_interface
00017807                _AIC3206_write
00017850                _strtod
00017b02                _strtold
00017eaa                __cleanup
00017f02                _freopen
00017fc8                _fopen
00018001                _SYS_peripheralReset
0001808f                _SYS_setEBSR
0001823a                _SYS_set_DSP_LDO_voltage
0001825f                __remull
000182ad                __remlli
000182dc                __mpylli
00018393                __divull
00018487                __divlli
000184bb                __addd
00018712                _strtoull
0001894e                _strtol
00018b47                __neqd
00018b7b                __lssd
00018bc3                __leqd
00018c10                __gtrd
00018c5b                __geqd
00018ca5                __eqld
00018cd9                __cmpd
00018d31                _strtoul
00018ef4                _fputs
00019043                _puts
0001906f                _gpioISR
000191e2                _scanf
0001921b                _fscanf
00019337                __mpyd
00019482                _setvbuf
00019575                __wrt_ok
000195f2                __rd_ok
0001964f                _writemsg
00019708                C$$IO$$
0001970d                __doflush
0001976f                _fflush
000197c7                __buff_read
0001986d                _fputc
0001986d                _putc
00019900                _putchar
0001990f                _ProgramPLL_100MHz
00019984                _initPlatform
000199b0                __divul
00019a50                _fgetc
00019a50                _getc
00019ada                _getchar
00019ae9                _ungetc
00019b81                _IRQ_plug
00019c0d                _ltoa
00019c86                _fclose
00019cfc                __frcmpyd
00019d72                __frcmpyd_div
00019de5                __remul
00019e55                __fixdli
00019f30                _readmsg
00019f9b                _fseek
0001a003                _vsprintf
0001a06b                __fltlid
0001a0d2                _atoi
0001a12b                _memcpy
0001a181                _printf
0001a1cf                _auto_init
0001a21c                __remli
0001a267                __args_main
0001a2b0                __divli
0001a2f8                _exit
0001a336                I$$DIV
0001a336                __divi
0001a355                I$$MOD
0001a355                __remi
0001a372                _main
0001a3ac                _c_int00
0001a3e0                __fixdi
0001a40a                I$$UDIV
0001a40a                __divu
0001a41f                I$$UMOD
0001a41f                __remu
0001a434                _memccpy
0001a456                ___isinf
0001a470                _strlen
0001a485                __subd
0001a499                I$$LMPY
0001a499                __mpyli
0001a4ac                __register_unlock
0001a4b4                __register_lock
0001a4bc                __nop
0001a4be                __negd
0001a4ce                _remove
0001a4d8                _abort
0001a4d9                C$$EXIT
0001a4e2                ___etext__
            0000d271    __sys_memory
0001a4e2                etext
            0000f232    __stack
            0000fa32    __STACK_END
            0000fa32    __sysstack
            0001056d    __ctypes_
            000108a0    .bss
            000108a0    ___bss__
            000108a0    __ftable
            00010918    __tmpnams
            000109b8    __ft_end
            000109b9    _errno
            000109bb    _read_type
            000109bc    _uartObj
            00010c85    _fsError
            00010c86    _ouError
            00010c88    _gI2cObj
            00010c98    _i2cHandle
            00010c9e    _hI2s
            00010ca0    _sw3Pressed
            00010ca1    _sw4Pressed
            00010caa    __lock
            00010cac    __unlock
            00010cae    __cleanup_ptr
            00010cb0    __dtors_ptr
            00010cb2    _PG4_flag
            00010cb3    _PG3_flag
            00010cb4    _PG1_flag
            00010cb5    ___end__
            00010cb5    end
            00010cb8    __CIOBUF_
            00010dd8    ___cinit__
            00010dd8    cinit
ffffffff                ___binit__
ffffffff                ___c_args__
ffffffff                ___pinit__
ffffffff                binit
ffffffff                pinit

[259 symbols]
